../Core/Src/FEB_ADBMS6830B_Driver.c:11:6:ADBMS6830B_init_cfg	0	static
../Core/Src/FEB_ADBMS6830B_Driver.c:26:6:ADBMS6830B_reset_crc_count	0	static
../Core/Src/FEB_ADBMS6830B_Driver.c:72:6:ADBMS6830B_set_cfgr_refon	0	static
../Core/Src/FEB_ADBMS6830B_Driver.c:79:6:ADBMS6830B_set_cfgr_cth	20	static
../Core/Src/FEB_ADBMS6830B_Driver.c:91:6:ADBMS6830B_set_cfgr_gpio	16	static
../Core/Src/FEB_ADBMS6830B_Driver.c:111:6:ADBMS6830B_set_cfgr_dis	16	static
../Core/Src/FEB_ADBMS6830B_Driver.c:131:6:ADBMS6830B_set_cfgr_dcto	16	static
../Core/Src/FEB_ADBMS6830B_Driver.c:143:6:ADBMS6830B_set_cfgr_uv	0	static
../Core/Src/FEB_ADBMS6830B_Driver.c:152:6:ADBMS6830B_set_cfgr_ov	0	static
../Core/Src/FEB_ADBMS6830B_Driver.c:51:6:ADBMS6830B_set_cfgr	40	static
../Core/Src/FEB_ADBMS6830B_Driver.c:161:6:ADBMS6830B_init_reg_limits	20	static
../Core/Src/FEB_ADBMS6830B_Driver.c:530:10:pec15_calc	8	static
../Core/Src/FEB_ADBMS6830B_Driver.c:194:10:ADBMS6830B_pollAdc	24	static
../Core/Src/FEB_ADBMS6830B_Driver.c:547:10:pec10_calc	12	static
../Core/Src/FEB_ADBMS6830B_Driver.c:296:8:parse_cells	24	static
../Core/Src/FEB_ADBMS6830B_Driver.c:565:6:cmd_68	16	static
../Core/Src/FEB_ADBMS6830B_Driver.c:178:6:ADBMS6830B_adcv	16	static
../Core/Src/FEB_ADBMS6830B_Driver.c:403:6:ADBMS6830B_adax	16	static
../Core/Src/FEB_ADBMS6830B_Driver.c:585:6:write_68	24	static
../Core/Src/FEB_ADBMS6830B_Driver.c:343:6:ADBMS6830B_wrcfga	288	static
../Core/Src/FEB_ADBMS6830B_Driver.c:373:6:ADBMS6830B_wrcfgb	288	static
../Core/Src/FEB_ADBMS6830B_Driver.c:627:6:wakeup_sleep	16	static
../Core/Src/FEB_ADBMS6830B_Driver.c:637:6:ADBMS6830B_check_pec	20	static
../Core/Src/FEB_ADBMS6830B_Driver.c:233:9:ADBMS6830B_rdcv	64	static
../Core/Src/FEB_ADBMS6830B_Driver.c:422:9:ADBMS6830B_rdaux	64	static
