../Core/Src/main.c:86:5:main	8	static
../Core/Src/main.c:142:6:SystemClock_Config	88	static
../Core/Src/main.c:178:13:MX_CAN_Init	8	static
../Core/Src/main.c:215:13:MX_TIM1_Init	96	static
../Core/Src/main.c:298:13:MX_TIM2_Init	48	static
../Core/Src/main.c:360:13:MX_TIM3_Init	64	static
../Core/Src/main.c:423:13:MX_TIM14_Init	24	static
../Core/Src/main.c:468:13:MX_TIM16_Init	24	static
../Core/Src/main.c:514:13:MX_TIM17_Init	24	static
../Core/Src/main.c:560:13:MX_USART2_UART_Init	8	static
../Core/Src/main.c:596:13:MX_GPIO_Init	16	static
../Core/Src/main.c:610:6:HAL_TIM_IC_CaptureCallback	16	static
../Core/Src/main.c:619:6:Error_Handler	8	static,ignoring_inline_asm
