../Core/Src/FEB_AD68xx_Interface.c:57:10:pec15_calc	8	static
../Core/Src/FEB_AD68xx_Interface.c:74:10:Pec10_calc	20	static
../Core/Src/FEB_AD68xx_Interface.c:123:10:pec10_calc	16	static
../Core/Src/FEB_AD68xx_Interface.c:175:6:cmd_68	16	static
../Core/Src/FEB_AD68xx_Interface.c:189:6:cmd_68_r	24	static
../Core/Src/FEB_AD68xx_Interface.c:207:6:write_68	32	static
../Core/Src/FEB_AD68xx_Interface.c:283:6:transmitCMD	16	static
../Core/Src/FEB_AD68xx_Interface.c:289:6:transmitCMDR	16	static
../Core/Src/FEB_AD68xx_Interface.c:296:6:transmitCMDW	16	static
