../Core/Src/FEB_HW.c:10:6:FEB_delay_u	0	static
../Core/Src/FEB_HW.c:16:6:FEB_delay_m	0	static
../Core/Src/FEB_HW.c:20:6:FEB_cs_low	0	static
../Core/Src/FEB_HW.c:24:6:FEB_cs_high	0	static
../Core/Src/FEB_HW.c:27:6:FEB_spi_write_array	0	static
../Core/Src/FEB_HW.c:34:9:FEB_spi_read_byte	16	static
../Core/Src/FEB_HW.c:42:6:FEB_spi_write_read	16	static
../Core/Src/FEB_HW.c:53:6:FEB_PIN_RST	8	static
../Core/Src/FEB_HW.c:56:6:FEB_PIN_SET	8	static
../Core/Src/FEB_HW.c:59:6:FEB_PIN_TGL	8	static
../Core/Src/FEB_HW.c:62:17:FEB_PIN_RD	8	static
