../Core/Src/FEB_ADBMS6830B_Driver.c:5:6:ADBMS6830B_init_cfg	0	static
../Core/Src/FEB_ADBMS6830B_Driver.c:20:6:ADBMS6830B_reset_crc_count	0	static
../Core/Src/FEB_ADBMS6830B_Driver.c:68:6:ADBMS6830B_set_cfgr_refon	0	static
../Core/Src/FEB_ADBMS6830B_Driver.c:74:6:ADBMS6830B_set_cfgr_flags	0	static
../Core/Src/FEB_ADBMS6830B_Driver.c:80:6:ADBMS6830B_set_cfgr_cth	20	static
../Core/Src/FEB_ADBMS6830B_Driver.c:92:6:ADBMS6830B_set_cfgr_gpio	16	static
../Core/Src/FEB_ADBMS6830B_Driver.c:112:6:ADBMS6830B_set_cfgr_dis	16	static
../Core/Src/FEB_ADBMS6830B_Driver.c:132:6:ADBMS6830B_set_cfgr_dcto	16	static
../Core/Src/FEB_ADBMS6830B_Driver.c:144:6:ADBMS6830B_set_cfgr_uv	0	static
../Core/Src/FEB_ADBMS6830B_Driver.c:153:6:ADBMS6830B_set_cfgr_ov	0	static
../Core/Src/FEB_ADBMS6830B_Driver.c:45:6:ADBMS6830B_set_cfgr	16	static
../Core/Src/FEB_ADBMS6830B_Driver.c:162:6:ADBMS6830B_init_reg_limits	20	static
../Core/Src/FEB_ADBMS6830B_Driver.c:180:6:ADBMS6830B_adcv	16	static
../Core/Src/FEB_ADBMS6830B_Driver.c:196:10:ADBMS6830B_pollAdc	24	static
../Core/Src/FEB_ADBMS6830B_Driver.c:237:9:ADBMS6830B_rdcv	32	static
../Core/Src/FEB_ADBMS6830B_Driver.c:274:9:ADBMS6830B_rdsv	24	static
../Core/Src/FEB_ADBMS6830B_Driver.c:306:8:parse_cells	24	static
../Core/Src/FEB_ADBMS6830B_Driver.c:370:6:ADBMS6830B_wrcfga	280	static
../Core/Src/FEB_ADBMS6830B_Driver.c:392:6:ADBMS6830B_rdcfga	16	static
../Core/Src/FEB_ADBMS6830B_Driver.c:406:6:ADBMS6830B_wrcfgb	272	static
../Core/Src/FEB_ADBMS6830B_Driver.c:426:6:ADBMS6830B_rdcfgb	16	static
../Core/Src/FEB_ADBMS6830B_Driver.c:441:6:ADBMS6830B_adax	16	static
../Core/Src/FEB_ADBMS6830B_Driver.c:453:6:ADBMS6830B_wrpwmga	272	static
../Core/Src/FEB_ADBMS6830B_Driver.c:471:6:ADBMS6830B_rdpwmga	16	static
../Core/Src/FEB_ADBMS6830B_Driver.c:484:6:ADBMS6830B_wrpwmgb	272	static
../Core/Src/FEB_ADBMS6830B_Driver.c:351:6:ADBMS6830B_wrALL	16	static
../Core/Src/FEB_ADBMS6830B_Driver.c:502:6:ADBMS6830B_rdpwmgb	16	static
../Core/Src/FEB_ADBMS6830B_Driver.c:360:6:ADBMS6830B_rdALL	16	static
../Core/Src/FEB_ADBMS6830B_Driver.c:574:6:ADBMS6830B_CLRFLAG	264	static
../Core/Src/FEB_ADBMS6830B_Driver.c:588:6:wakeup_sleep	16	static
../Core/Src/FEB_ADBMS6830B_Driver.c:600:6:ADBMS6830B_check_pec	20	static
../Core/Src/FEB_ADBMS6830B_Driver.c:521:9:ADBMS6830B_rdaux	64	static
