../Core/Src/FEB_CAN.c:50:6:FEB_SM_CAN_Transmit	8	static
../Core/Src/FEB_CAN.c:76:6:FEB_CAN_PING	8	static
../Core/Src/FEB_CAN.c:107:6:FEB_CAN_PONG	0	static
../Core/Src/FEB_CAN.c:38:6:HAL_CAN_RxFifo0MsgPendingCallback	8	static
../Core/Src/FEB_CAN.c:111:9:FEB_CAN_GET_PONGED	0	static
../Core/Src/FEB_CAN.c:115:9:FEB_CAN_PINGPONG_Filter	48	static
../Core/Src/FEB_CAN.c:30:6:FEB_CAN_Filter_Config	0	static
../Core/Src/FEB_CAN.c:21:6:FEB_CAN_Init	8	static
../Core/Src/FEB_CAN.c:154:9:FEB_CAN_Filter	48	static
../Core/Src/FEB_CAN.c:192:6:FEB_CAN_Transmit	8	static
