../Core/Src/FEB_ADBMS6830B.c:110:6:start_adc_cell_voltage_measurements	16	static
../Core/Src/FEB_ADBMS6830B.c:72:6:FEB_ADBMS_Init	32	static
../Core/Src/FEB_ADBMS6830B.c:115:6:read_cell_voltages	0	static
../Core/Src/FEB_ADBMS6830B.c:119:6:store_cell_voltages	16	static
../Core/Src/FEB_ADBMS6830B.c:132:6:validate_voltages	8	static
../Core/Src/FEB_ADBMS6830B.c:87:6:FEB_ADBMS_Voltage_Process	8	static
../Core/Src/FEB_ADBMS6830B.c:144:6:configure_gpio_bits	40	static
../Core/Src/FEB_ADBMS6830B.c:161:6:start_aux_voltage_measurements	8	static
../Core/Src/FEB_ADBMS6830B.c:166:6:read_aux_voltages	0	static
../Core/Src/FEB_ADBMS6830B.c:170:6:store_cell_temps	40	static
../Core/Src/FEB_ADBMS6830B.c:99:6:FEB_ADBMS_Temperature_Process	16	static
../Core/Src/FEB_ADBMS6830B.c:199:6:FEB_Stop_Balance	32	static
../Core/Src/FEB_ADBMS6830B.c:211:6:determineMinV	8	static
../Core/Src/FEB_ADBMS6830B.c:225:10:determineDischarge	24	static
../Core/Src/FEB_ADBMS6830B.c:188:6:FEB_Cell_Balance_Process	40	static
../Core/Src/FEB_ADBMS6830B.c:182:6:FEB_Cell_Balance_Start	8	static
