../Core/Src/stm32f4xx_hal_msp.c:63:6:HAL_MspInit	8	static
../Core/Src/stm32f4xx_hal_msp.c:86:6:HAL_CAN_MspInit	40	static
../Core/Src/stm32f4xx_hal_msp.c:123:6:HAL_CAN_MspDeInit	0	static
../Core/Src/stm32f4xx_hal_msp.c:152:6:HAL_I2C_MspInit	48	static
../Core/Src/stm32f4xx_hal_msp.c:189:6:HAL_I2C_MspDeInit	8	static
../Core/Src/stm32f4xx_hal_msp.c:220:6:HAL_SPI_MspInit	40	static
../Core/Src/stm32f4xx_hal_msp.c:258:6:HAL_SPI_MspDeInit	0	static
../Core/Src/stm32f4xx_hal_msp.c:288:6:HAL_UART_MspInit	40	static
../Core/Src/stm32f4xx_hal_msp.c:325:6:HAL_UART_MspDeInit	0	static
