../Core/Src/FEB_ADBMS6830B.c:52:16:get_gpio_pin	16	static
../Core/Src/FEB_ADBMS6830B.c:58:16:get_sensor	16	static
../Core/Src/FEB_ADBMS6830B.c:62:14:convert_voltage	16	static
../Core/Src/FEB_ADBMS6830B.c:66:14:convert_to_temp	16	static
../Core/Src/FEB_ADBMS6830B.c:72:6:FEB_ADBMS_Init	40	static
../Core/Src/FEB_ADBMS6830B.c:86:6:FEB_ADBMS_Voltage_Process	8	static
../Core/Src/FEB_ADBMS6830B.c:93:6:FEB_ADBMS_Temperature_Process	16	static
../Core/Src/FEB_ADBMS6830B.c:104:6:start_adc_cell_voltage_measurements	16	static
../Core/Src/FEB_ADBMS6830B.c:109:6:read_cell_voltages	8	static
../Core/Src/FEB_ADBMS6830B.c:113:6:store_cell_voltages	24	static
../Core/Src/FEB_ADBMS6830B.c:126:6:validate_voltages	24	static
../Core/Src/FEB_ADBMS6830B.c:138:6:configure_gpio_bits	48	static
../Core/Src/FEB_ADBMS6830B.c:155:6:start_aux_voltage_measurements	8	static
../Core/Src/FEB_ADBMS6830B.c:160:6:read_aux_voltages	8	static
../Core/Src/FEB_ADBMS6830B.c:164:6:store_cell_temps	32	static
../Core/Src/FEB_ADBMS6830B.c:176:6:FEB_Cell_Balance_Start	8	static
../Core/Src/FEB_ADBMS6830B.c:182:6:FEB_Cell_Balance_Process	48	static
../Core/Src/FEB_ADBMS6830B.c:193:6:FEB_Stop_Balance	48	static
../Core/Src/FEB_ADBMS6830B.c:205:6:determineMinV	16	static
../Core/Src/FEB_ADBMS6830B.c:219:10:determineDischarge	32	static
