../Core/Src/FEB_CAN.c:22:6:FEB_CAN_Init	8	static
../Core/Src/FEB_CAN.c:30:6:FEB_CAN_Filter_Config	16	static
../Core/Src/FEB_CAN.c:38:6:HAL_CAN_RxFifo0MsgPendingCallback	16	static
../Core/Src/FEB_CAN.c:51:6:FEB_CAN_PING	16	static
../Core/Src/FEB_CAN.c:82:6:FEB_CAN_PONG	16	static
../Core/Src/FEB_CAN.c:86:9:FEB_CAN_GET_PONGED	4	static
../Core/Src/FEB_CAN.c:90:9:FEB_CAN_PINGPONG_Filter	56	static
../Core/Src/FEB_CAN.c:129:9:FEB_CAN_Filter	56	static
../Core/Src/FEB_CAN.c:167:6:FEB_CAN_Transmit	16	static
