../Core/Inc/FEB_Task_Queue.h:25:13:FEB_Queue	32	static
../Core/Inc/FEB_Task_Queue.h:52:13:FEB_Pop_Head	32	static
../Core/Inc/FEB_Task_Queue.h:64:13:FEB_Pop_Tail	32	static
../Core/Src/FEB_ADBMS6830B.c:49:16:get_gpio_pin	16	static
../Core/Src/FEB_ADBMS6830B.c:55:16:get_sensor	16	static
../Core/Src/FEB_ADBMS6830B.c:59:14:convert_voltage	16	static
../Core/Src/FEB_ADBMS6830B.c:63:14:convert_to_temp	16	static
../Core/Src/FEB_ADBMS6830B.c:69:6:FEB_ADBMS_Init	40	static
../Core/Src/FEB_ADBMS6830B.c:83:6:FEB_ADBMS_Voltage_Process	600	static
../Core/Src/FEB_ADBMS6830B.c:94:6:FEB_ADBMS_Temperature_Process	16	static
../Core/Src/FEB_ADBMS6830B.c:105:6:start_adc_cell_voltage_measurements	16	static
../Core/Src/FEB_ADBMS6830B.c:109:6:read_cell_voltages	8	static
../Core/Src/FEB_ADBMS6830B.c:114:6:store_cell_voltages	24	static
../Core/Src/FEB_ADBMS6830B.c:127:6:validate_voltages	24	static
../Core/Src/FEB_ADBMS6830B.c:139:6:configure_gpio_bits	48	static
../Core/Src/FEB_ADBMS6830B.c:158:6:start_aux_voltage_measurements	8	static
../Core/Src/FEB_ADBMS6830B.c:163:6:read_aux_voltages	8	static
../Core/Src/FEB_ADBMS6830B.c:168:6:store_cell_temps	32	static
../Core/Src/FEB_ADBMS6830B.c:180:6:BalanceUART	56	static
../Core/Src/FEB_ADBMS6830B.c:197:6:FEB_Cell_Balance_Start	8	static
../Core/Src/FEB_ADBMS6830B.c:203:6:FEB_Cell_Balance_Process	624	static
../Core/Src/FEB_ADBMS6830B.c:220:6:FEB_Stop_Balance	56	static
../Core/Src/FEB_ADBMS6830B.c:234:6:determineMinV	16	static
../Core/Src/FEB_ADBMS6830B.c:248:10:determineDischarge	32	static
