../Core/Inc/FEB_Task_Queue.h:25:13:FEB_Queue	32	static
../Core/Inc/FEB_Task_Queue.h:52:13:FEB_Pop_Head	32	static
../Core/Inc/FEB_Task_Queue.h:64:13:FEB_Pop_Tail	32	static
../Core/Src/FEB_SM.c:44:13:transition	16	static
../Core/Src/FEB_SM.c:53:6:FEB_SM_Init	40	static
../Core/Src/FEB_SM.c:73:13:FEB_SM_Get_Current_State	4	static
../Core/Src/FEB_SM.c:81:6:FEB_SM_Transition	16	static
../Core/Src/FEB_SM.c:86:6:FEB_SM_Process	8	static
../Core/Src/FEB_SM.c:94:13:fault	56	static
../Core/Src/FEB_SM.c:106:20:updateStateProtected	16	static
../Core/Src/FEB_SM.c:115:13:bootTransition	16	static
../Core/Src/FEB_SM.c:133:13:LVPowerTransition	24	static
../Core/Src/FEB_SM.c:158:13:ESCCompleteTransition	56	static
../Core/Src/FEB_SM.c:193:13:PrechargeTransition	72	static
../Core/Src/FEB_SM.c:232:13:EnergizedTransition	48	static
../Core/Src/FEB_SM.c:266:13:DriveTransition	48	static
../Core/Src/FEB_SM.c:299:13:FreeTransition	40	static
../Core/Src/FEB_SM.c:331:13:ChargingTransition	40	static
../Core/Src/FEB_SM.c:356:13:BalanceTransition	40	static
../Core/Src/FEB_SM.c:388:13:BMSFaultTransition	16	static
../Core/Src/FEB_SM.c:392:13:BSPDFaultTransition	16	static
../Core/Src/FEB_SM.c:396:13:IMDFaultTransition	16	static
../Core/Src/FEB_SM.c:400:13:ChargingFaultTransition	16	static
