../Core/Inc/FEB_Task_Queue.h:24:13:FEB_Queue	32	static
../Core/Inc/FEB_Task_Queue.h:51:13:FEB_Pop_Head	32	static
../Core/Inc/FEB_Task_Queue.h:63:13:FEB_Pop_Tail	32	static
../Core/Src/FEB_CAN.c:21:6:FEB_CAN_Init	8	static
../Core/Src/FEB_CAN.c:29:6:FEB_CAN_Filter_Config	16	static
../Core/Src/FEB_CAN.c:37:6:HAL_CAN_RxFifo0MsgPendingCallback	16	static
../Core/Src/FEB_CAN.c:50:6:FEB_CAN_PING	16	static
../Core/Src/FEB_CAN.c:81:6:FEB_CAN_PONG	16	static
../Core/Src/FEB_CAN.c:85:9:FEB_CAN_GET_PONGED	4	static
../Core/Src/FEB_CAN.c:89:9:FEB_CAN_PINGPONG_Filter	56	static
../Core/Src/FEB_CAN.c:128:9:FEB_CAN_Filter	56	static
../Core/Src/FEB_CAN.c:166:6:FEB_CAN_Transmit	16	static
