../Core/Inc/FEB_Task_Queue.h:25:13:FEB_Queue	32	static
../Core/Inc/FEB_Task_Queue.h:52:13:FEB_Pop_Head	32	static
../Core/Inc/FEB_Task_Queue.h:64:13:FEB_Pop_Tail	32	static
../Core/Src/FEB_ADBMS6830B.c:46:16:get_gpio_pin	16	static
../Core/Src/FEB_ADBMS6830B.c:52:16:get_sensor	16	static
../Core/Src/FEB_ADBMS6830B.c:56:14:convert_voltage	16	static
../Core/Src/FEB_ADBMS6830B.c:60:14:convert_to_temp	16	static
../Core/Src/FEB_ADBMS6830B.c:66:6:FEB_ADBMS_Init	40	static
../Core/Src/FEB_ADBMS6830B.c:84:6:FEB_ADBMS_Voltage_Process	600	static
../Core/Src/FEB_ADBMS6830B.c:100:6:FEB_ADBMS_Temperature_Process	16	static
../Core/Src/FEB_ADBMS6830B.c:111:6:start_adc_cell_voltage_measurements	16	static
../Core/Src/FEB_ADBMS6830B.c:118:6:read_cell_voltages	8	static
../Core/Src/FEB_ADBMS6830B.c:123:6:store_cell_voltages	24	static
../Core/Src/FEB_ADBMS6830B.c:136:6:validate_voltages	24	static
../Core/Src/FEB_ADBMS6830B.c:148:6:configure_gpio_bits	48	static
../Core/Src/FEB_ADBMS6830B.c:166:6:start_aux_voltage_measurements	8	static
../Core/Src/FEB_ADBMS6830B.c:172:6:read_aux_voltages	8	static
../Core/Src/FEB_ADBMS6830B.c:177:6:store_cell_temps	32	static
../Core/Src/FEB_ADBMS6830B.c:189:6:BalanceUart	48	static
../Core/Src/FEB_ADBMS6830B.c:201:6:FEB_Cell_Balance_Start	8	static
../Core/Src/FEB_ADBMS6830B.c:207:6:FEB_Cell_Balance_Process	56	static
../Core/Src/FEB_ADBMS6830B.c:223:6:FEB_Stop_Balance	56	static
../Core/Src/FEB_ADBMS6830B.c:237:6:determineMinV	16	static
../Core/Src/FEB_ADBMS6830B.c:251:10:determineDischarge	32	static
