../Core/Inc/FEB_Task_Queue.h:25:13:FEB_Queue	32	static
../Core/Inc/FEB_Task_Queue.h:52:13:FEB_Pop_Head	32	static
../Core/Inc/FEB_Task_Queue.h:64:13:FEB_Pop_Tail	32	static
../Core/Src/FEB_ADBMS6830B.c:44:16:get_gpio_pin	16	static
../Core/Src/FEB_ADBMS6830B.c:50:16:get_sensor	16	static
../Core/Src/FEB_ADBMS6830B.c:54:14:convert_voltage	16	static
../Core/Src/FEB_ADBMS6830B.c:60:6:FEB_ADBMS_Init	40	static
../Core/Src/FEB_ADBMS6830B.c:71:6:FEB_ADBMS_Voltage_Process	8	static
../Core/Src/FEB_ADBMS6830B.c:82:6:FEB_ADBMS_Temperature_Process	16	static
../Core/Src/FEB_ADBMS6830B.c:94:6:start_adc_cell_voltage_measurements	16	static
../Core/Src/FEB_ADBMS6830B.c:100:6:read_cell_voltages	8	static
../Core/Src/FEB_ADBMS6830B.c:105:6:store_cell_voltages	24	static
../Core/Src/FEB_ADBMS6830B.c:118:6:validate_voltages	24	static
../Core/Src/FEB_ADBMS6830B.c:132:6:configure_gpio_bits	48	static
../Core/Src/FEB_ADBMS6830B.c:149:6:start_aux_voltage_measurements	8	static
../Core/Src/FEB_ADBMS6830B.c:155:6:read_aux_voltages	8	static
../Core/Src/FEB_ADBMS6830B.c:160:6:store_cell_temps	32	static
