../Core/Src/FEB_Hw.c:10:6:FEB_delay_u	24	static
../Core/Src/FEB_Hw.c:16:6:FEB_delay_m	16	static
../Core/Src/FEB_Hw.c:20:6:FEB_cs_low	8	static
../Core/Src/FEB_Hw.c:24:6:FEB_cs_high	8	static
../Core/Src/FEB_Hw.c:27:6:FEB_spi_write_array	24	static
../Core/Src/FEB_Hw.c:33:9:FEB_spi_read_byte	24	static
../Core/Src/FEB_Hw.c:41:6:FEB_spi_write_read	24	static
../Core/Src/FEB_Hw.c:48:6:FEB_PIN_RST	16	static
../Core/Src/FEB_Hw.c:51:6:FEB_PIN_SET	16	static
../Core/Src/FEB_Hw.c:54:6:FEB_PIN_TGL	16	static
../Core/Src/FEB_Hw.c:57:17:FEB_PIN_RD	16	static
