../Core/Src/FEB_Hw.c:21:6:FEB_delay_u	16	static
../Core/Src/FEB_Hw.c:25:6:FEB_delay_m	16	static
../Core/Src/FEB_Hw.c:29:6:FEB_cs_low	8	static
../Core/Src/FEB_Hw.c:33:6:FEB_cs_high	8	static
../Core/Src/FEB_Hw.c:37:6:FEB_spi_write_array	16	static
../Core/Src/FEB_Hw.c:41:6:FEB_spi_write_read	32	static
../Core/Src/FEB_Hw.c:51:9:FEB_spi_read_byte	24	static
../Core/Src/FEB_Hw.c:59:6:FEB_Hw_Shutdown_Close	4	static
../Core/Src/FEB_Hw.c:63:6:FEB_Hw_Shutdown_Open	4	static
../Core/Src/FEB_Hw.c:67:6:FEB_Hw_AIR_Plus_Close	4	static
../Core/Src/FEB_Hw.c:71:6:FEB_Hw_AIR_Plus_Open	4	static
../Core/Src/FEB_Hw.c:75:6:FEB_Hw_Precharge_Close	4	static
../Core/Src/FEB_Hw.c:79:6:FEB_Hw_Precharge_Open	4	static
../Core/Src/FEB_Hw.c:83:19:FEB_Relay_Shutdown_State	4	static
../Core/Src/FEB_Hw.c:87:19:FEB_Relay_AIR_Plus_State	4	static
../Core/Src/FEB_Hw.c:91:19:FEB_Relay_Precharge_State	4	static
