../Core/Src/FEB_ADBMS6830B_Driver.c:13:6:ADBMS6830B_init_cfg	24	static
../Core/Src/FEB_ADBMS6830B_Driver.c:28:6:ADBMS6830B_reset_crc_count	32	static
../Core/Src/FEB_ADBMS6830B_Driver.c:53:6:ADBMS6830B_set_cfgr	24	static
../Core/Src/FEB_ADBMS6830B_Driver.c:74:6:ADBMS6830B_set_cfgr_refon	16	static
../Core/Src/FEB_ADBMS6830B_Driver.c:81:6:ADBMS6830B_set_cfgr_cth	32	static
../Core/Src/FEB_ADBMS6830B_Driver.c:93:6:ADBMS6830B_set_cfgr_gpio	32	static
../Core/Src/FEB_ADBMS6830B_Driver.c:113:6:ADBMS6830B_set_cfgr_dis	32	static
../Core/Src/FEB_ADBMS6830B_Driver.c:133:6:ADBMS6830B_set_cfgr_dcto	32	static
../Core/Src/FEB_ADBMS6830B_Driver.c:145:6:ADBMS6830B_set_cfgr_uv	24	static
../Core/Src/FEB_ADBMS6830B_Driver.c:154:6:ADBMS6830B_set_cfgr_ov	24	static
../Core/Src/FEB_ADBMS6830B_Driver.c:163:6:ADBMS6830B_init_reg_limits	24	static
../Core/Src/FEB_ADBMS6830B_Driver.c:177:6:transmitCMD	24	static
../Core/Src/FEB_ADBMS6830B_Driver.c:183:6:transmitCMDR	24	static
../Core/Src/FEB_ADBMS6830B_Driver.c:193:6:ADBMS6830B_adcv	32	static
../Core/Src/FEB_ADBMS6830B_Driver.c:209:10:ADBMS6830B_pollAdc	24	static
../Core/Src/FEB_ADBMS6830B_Driver.c:250:9:ADBMS6830B_rdcv	24	static
../Core/Src/FEB_ADBMS6830B_Driver.c:276:8:parse_cells	40	static
../Core/Src/FEB_ADBMS6830B_Driver.c:323:6:ADBMS6830B_wrcfga	280	static
../Core/Src/FEB_ADBMS6830B_Driver.c:353:6:ADBMS6830B_wrcfgb	280	static
../Core/Src/FEB_ADBMS6830B_Driver.c:383:6:ADBMS6830B_adax	24	static
../Core/Src/FEB_ADBMS6830B_Driver.c:402:9:ADBMS6830B_rdaux	56	static
../Core/Src/FEB_ADBMS6830B_Driver.c:510:10:pec15_calc	24	static
../Core/Src/FEB_ADBMS6830B_Driver.c:527:10:pec10_calc	24	static
../Core/Src/FEB_ADBMS6830B_Driver.c:545:6:cmd_68	24	static
../Core/Src/FEB_ADBMS6830B_Driver.c:561:6:cmd_68_r	32	static
../Core/Src/FEB_ADBMS6830B_Driver.c:582:6:write_68	40	static
../Core/Src/FEB_ADBMS6830B_Driver.c:624:6:wakeup_sleep	24	static
../Core/Src/FEB_ADBMS6830B_Driver.c:634:6:ADBMS6830B_check_pec	48	static
