../Core/Src/FEB_ADBMS6830B.c:32:16:get_gpio_pin	16	static
../Core/Src/FEB_ADBMS6830B.c:38:16:get_sensor	16	static
../Core/Src/FEB_ADBMS6830B.c:42:14:convert_voltage	16	static
../Core/Src/FEB_ADBMS6830B.c:48:6:FEB_ADBMS_Init	40	static
../Core/Src/FEB_ADBMS6830B.c:59:6:FEB_ADBMS_AcquireData	16	static
../Core/Src/FEB_ADBMS6830B.c:79:6:start_adc_cell_voltage_measurements	16	static
../Core/Src/FEB_ADBMS6830B.c:85:6:read_cell_voltages	8	static
../Core/Src/FEB_ADBMS6830B.c:90:6:store_cell_voltages	24	static
../Core/Src/FEB_ADBMS6830B.c:101:6:validate_voltages	16	static
../Core/Src/FEB_ADBMS6830B.c:113:6:configure_gpio_bits	48	static
../Core/Src/FEB_ADBMS6830B.c:130:6:start_aux_voltage_measurements	8	static
../Core/Src/FEB_ADBMS6830B.c:136:6:read_aux_voltages	8	static
../Core/Src/FEB_ADBMS6830B.c:141:6:store_cell_temps	32	static
../Core/Src/FEB_ADBMS6830B.c:152:6:FEB_ADBMS_UART_Transmit	808	static
