../Core/Src/FEB_ADBMS6830B_Driver.c:12:6:ADBMS6830B_init_cfg	24	static
../Core/Src/FEB_ADBMS6830B_Driver.c:27:6:ADBMS6830B_reset_crc_count	32	static
../Core/Src/FEB_ADBMS6830B_Driver.c:52:6:ADBMS6830B_set_cfgr	24	static
../Core/Src/FEB_ADBMS6830B_Driver.c:73:6:ADBMS6830B_set_cfgr_refon	16	static
../Core/Src/FEB_ADBMS6830B_Driver.c:80:6:ADBMS6830B_set_cfgr_cth	32	static
../Core/Src/FEB_ADBMS6830B_Driver.c:92:6:ADBMS6830B_set_cfgr_gpio	32	static
../Core/Src/FEB_ADBMS6830B_Driver.c:112:6:ADBMS6830B_set_cfgr_dis	32	static
../Core/Src/FEB_ADBMS6830B_Driver.c:132:6:ADBMS6830B_set_cfgr_dcto	32	static
../Core/Src/FEB_ADBMS6830B_Driver.c:144:6:ADBMS6830B_set_cfgr_uv	24	static
../Core/Src/FEB_ADBMS6830B_Driver.c:153:6:ADBMS6830B_set_cfgr_ov	24	static
../Core/Src/FEB_ADBMS6830B_Driver.c:162:6:ADBMS6830B_init_reg_limits	24	static
../Core/Src/FEB_ADBMS6830B_Driver.c:179:6:ADBMS6830B_adcv	32	static
../Core/Src/FEB_ADBMS6830B_Driver.c:195:10:ADBMS6830B_pollAdc	16	static
../Core/Src/FEB_ADBMS6830B_Driver.c:238:9:ADBMS6830B_rdcv	24	static
../Core/Src/FEB_ADBMS6830B_Driver.c:308:8:parse_cells	40	static
../Core/Src/FEB_ADBMS6830B_Driver.c:355:6:ADBMS6830B_wrcfga	280	static
../Core/Src/FEB_ADBMS6830B_Driver.c:385:6:ADBMS6830B_wrcfgb	280	static
../Core/Src/FEB_ADBMS6830B_Driver.c:415:6:ADBMS6830B_adax	24	static
../Core/Src/FEB_ADBMS6830B_Driver.c:434:9:ADBMS6830B_rdaux	56	static
../Core/Src/FEB_ADBMS6830B_Driver.c:542:10:pec15_calc	24	static
../Core/Src/FEB_ADBMS6830B_Driver.c:559:10:pec10_calc	24	static
../Core/Src/FEB_ADBMS6830B_Driver.c:577:6:cmd_68	24	static
../Core/Src/FEB_ADBMS6830B_Driver.c:597:6:write_68	40	static
../Core/Src/FEB_ADBMS6830B_Driver.c:639:6:wakeup_sleep	24	static
../Core/Src/FEB_ADBMS6830B_Driver.c:649:6:ADBMS6830B_check_pec	48	static
