../Core/Src/FEB_SM.c:54:6:FEB_SM_Init	8	static
../Core/Src/FEB_SM.c:58:16:FEB_SM_Get_Current_State	4	static
../Core/Src/FEB_SM.c:62:9:FEB_SM_Set_State	24	static
../Core/Src/FEB_SM.c:79:9:FEB_Startup_State	4	static
../Core/Src/FEB_SM.c:84:9:FEB_Idle_State	4	static
../Core/Src/FEB_SM.c:89:9:FEB_Charge_State	4	static
../Core/Src/FEB_SM.c:94:9:FEB_Balance_State	4	static
../Core/Src/FEB_SM.c:99:9:FEB_Standby_State	4	static
../Core/Src/FEB_SM.c:104:9:FEB_Precharge_State	4	static
../Core/Src/FEB_SM.c:109:9:FEB_Drive_State	4	static
../Core/Src/FEB_SM.c:114:9:FEB_Fault_State	4	static
../Core/Src/FEB_SM.c:119:9:FEB_Drive_Standby_State	4	static
../Core/Src/FEB_SM.c:124:9:FEB_Drive_Regen_State	4	static
