../Core/Inc/FEB_Task_Queue.h:25:13:FEB_Queue	32	static
../Core/Inc/FEB_Task_Queue.h:52:13:FEB_Pop_Head	32	static
../Core/Inc/FEB_Task_Queue.h:64:13:FEB_Pop_Tail	32	static
../Core/Src/FEB_CAN.c:21:6:FEB_CAN_Init	8	static
../Core/Src/FEB_CAN.c:29:6:FEB_CAN_Filter_Config	16	static
../Core/Src/FEB_CAN.c:37:6:HAL_CAN_RxFifo0MsgPendingCallback	16	static
../Core/Src/FEB_CAN.c:51:6:FEB_SM_CAN_Transmit	4	static
../Core/Src/FEB_CAN.c:78:6:FEB_CAN_PING	16	static
../Core/Src/FEB_CAN.c:109:6:FEB_CAN_PONG	16	static
../Core/Src/FEB_CAN.c:113:9:FEB_CAN_GET_PONGED	4	static
../Core/Src/FEB_CAN.c:117:9:FEB_CAN_PINGPONG_Filter	56	static
../Core/Src/FEB_CAN.c:156:9:FEB_CAN_Filter	56	static
../Core/Src/FEB_CAN.c:194:6:FEB_CAN_Transmit	16	static
