../Core/Inc/FEB_Task_Queue.h:25:13:FEB_Queue	32	static
../Core/Inc/FEB_Task_Queue.h:52:13:FEB_Pop_Head	32	static
../Core/Inc/FEB_Task_Queue.h:64:13:FEB_Pop_Tail	32	static
../Core/Src/FEB_Main.c:8:6:FEB_Main_Setup	8	static
../Core/Src/FEB_Main.c:15:6:FEB_Main_Task1_VT	8	static
../Core/Src/FEB_Main.c:21:6:FEB_Main_Task2_SM	4	static
../Core/Src/FEB_Main.c:25:6:FEB_Main_Task3_Charge	4	static
../Core/Src/FEB_Main.c:29:6:FEB_Main_Task4_Balance	4	static
../Core/Src/FEB_Main.c:33:6:FEB_Main_Task5_IVT	4	static
../Core/Src/FEB_Main.c:37:6:FEB_Main_Task6_CAN	4	static
