../Core/Inc/FEB_Task_Queue.h:25:13:FEB_Queue	32	static
../Core/Inc/FEB_Task_Queue.h:52:13:FEB_Pop_Head	32	static
../Core/Inc/FEB_Task_Queue.h:64:13:FEB_Pop_Tail	32	static
../Core/Src/main.c:75:5:main	8	static
../Core/Src/main.c:131:6:SystemClock_Config	88	static
../Core/Src/main.c:179:13:MX_CAN1_Init	8	static
../Core/Src/main.c:216:13:MX_I2C1_Init	8	static
../Core/Src/main.c:250:13:MX_SPI1_Init	8	static
../Core/Src/main.c:288:13:MX_USART2_UART_Init	8	static
../Core/Src/main.c:321:13:MX_GPIO_Init	48	static
../Core/Src/main.c:399:6:HAL_TIM_PeriodElapsedCallback	16	static
../Core/Src/main.c:416:6:Error_Handler	4	static,ignoring_inline_asm
