../Core/Src/main.c:116:5:main	8	static
../Core/Src/main.c:212:6:SystemClock_Config	88	static
../Core/Src/main.c:260:13:MX_USART2_UART_Init	8	static
../Core/Src/main.c:293:13:MX_GPIO_Init	48	static
../Core/Src/main.c:336:6:StartTask1_VT	16	static
../Core/Src/main.c:354:6:StartTask2_SM	16	static
../Core/Src/main.c:372:6:StartTask3_Charge	16	static
../Core/Src/main.c:390:6:StartTask4_Balance	16	static
../Core/Src/main.c:408:6:StartTask5_IVT	16	static
../Core/Src/main.c:426:6:StartTask6_CAN	16	static
../Core/Src/main.c:445:6:HAL_TIM_PeriodElapsedCallback	16	static
../Core/Src/main.c:462:6:Error_Handler	4	static,ignoring_inline_asm
