Archive member included to satisfy reference by file (symbol)

/Applications/STM32CubeIDE.app/Contents/Eclipse/plugins/com.st.stm32cube.ide.mcu.externaltools.gnu-tools-for-stm32.13.3.rel1.macos64_1.0.0.202411102158/tools/bin/../lib/gcc/arm-none-eabi/13.3.1/../../../../arm-none-eabi/lib/thumb/v6-m/nofp/libc_nano.a(libc_a-exit.o)
                              /Applications/STM32CubeIDE.app/Contents/Eclipse/plugins/com.st.stm32cube.ide.mcu.externaltools.gnu-tools-for-stm32.13.3.rel1.macos64_1.0.0.202411102158/tools/bin/../lib/gcc/arm-none-eabi/13.3.1/../../../../arm-none-eabi/lib/thumb/v6-m/nofp/crt0.o (exit)
/Applications/STM32CubeIDE.app/Contents/Eclipse/plugins/com.st.stm32cube.ide.mcu.externaltools.gnu-tools-for-stm32.13.3.rel1.macos64_1.0.0.202411102158/tools/bin/../lib/gcc/arm-none-eabi/13.3.1/../../../../arm-none-eabi/lib/thumb/v6-m/nofp/libc_nano.a(libc_a-findfp.o)
                              /Applications/STM32CubeIDE.app/Contents/Eclipse/plugins/com.st.stm32cube.ide.mcu.externaltools.gnu-tools-for-stm32.13.3.rel1.macos64_1.0.0.202411102158/tools/bin/../lib/gcc/arm-none-eabi/13.3.1/../../../../arm-none-eabi/lib/thumb/v6-m/nofp/libc_nano.a(libc_a-exit.o) (__stdio_exit_handler)
/Applications/STM32CubeIDE.app/Contents/Eclipse/plugins/com.st.stm32cube.ide.mcu.externaltools.gnu-tools-for-stm32.13.3.rel1.macos64_1.0.0.202411102158/tools/bin/../lib/gcc/arm-none-eabi/13.3.1/../../../../arm-none-eabi/lib/thumb/v6-m/nofp/libc_nano.a(libc_a-fwalk.o)
                              /Applications/STM32CubeIDE.app/Contents/Eclipse/plugins/com.st.stm32cube.ide.mcu.externaltools.gnu-tools-for-stm32.13.3.rel1.macos64_1.0.0.202411102158/tools/bin/../lib/gcc/arm-none-eabi/13.3.1/../../../../arm-none-eabi/lib/thumb/v6-m/nofp/libc_nano.a(libc_a-findfp.o) (_fwalk_sglue)
/Applications/STM32CubeIDE.app/Contents/Eclipse/plugins/com.st.stm32cube.ide.mcu.externaltools.gnu-tools-for-stm32.13.3.rel1.macos64_1.0.0.202411102158/tools/bin/../lib/gcc/arm-none-eabi/13.3.1/../../../../arm-none-eabi/lib/thumb/v6-m/nofp/libc_nano.a(libc_a-memset.o)
                              /Applications/STM32CubeIDE.app/Contents/Eclipse/plugins/com.st.stm32cube.ide.mcu.externaltools.gnu-tools-for-stm32.13.3.rel1.macos64_1.0.0.202411102158/tools/bin/../lib/gcc/arm-none-eabi/13.3.1/../../../../arm-none-eabi/lib/thumb/v6-m/nofp/crt0.o (memset)
/Applications/STM32CubeIDE.app/Contents/Eclipse/plugins/com.st.stm32cube.ide.mcu.externaltools.gnu-tools-for-stm32.13.3.rel1.macos64_1.0.0.202411102158/tools/bin/../lib/gcc/arm-none-eabi/13.3.1/../../../../arm-none-eabi/lib/thumb/v6-m/nofp/libc_nano.a(libc_a-errno.o)
                              ./Core/Src/syscalls.o (__errno)
/Applications/STM32CubeIDE.app/Contents/Eclipse/plugins/com.st.stm32cube.ide.mcu.externaltools.gnu-tools-for-stm32.13.3.rel1.macos64_1.0.0.202411102158/tools/bin/../lib/gcc/arm-none-eabi/13.3.1/../../../../arm-none-eabi/lib/thumb/v6-m/nofp/libc_nano.a(libc_a-init.o)
                              /Applications/STM32CubeIDE.app/Contents/Eclipse/plugins/com.st.stm32cube.ide.mcu.externaltools.gnu-tools-for-stm32.13.3.rel1.macos64_1.0.0.202411102158/tools/bin/../lib/gcc/arm-none-eabi/13.3.1/../../../../arm-none-eabi/lib/thumb/v6-m/nofp/crt0.o (__libc_init_array)
/Applications/STM32CubeIDE.app/Contents/Eclipse/plugins/com.st.stm32cube.ide.mcu.externaltools.gnu-tools-for-stm32.13.3.rel1.macos64_1.0.0.202411102158/tools/bin/../lib/gcc/arm-none-eabi/13.3.1/../../../../arm-none-eabi/lib/thumb/v6-m/nofp/libc_nano.a(libc_a-lock.o)
                              /Applications/STM32CubeIDE.app/Contents/Eclipse/plugins/com.st.stm32cube.ide.mcu.externaltools.gnu-tools-for-stm32.13.3.rel1.macos64_1.0.0.202411102158/tools/bin/../lib/gcc/arm-none-eabi/13.3.1/../../../../arm-none-eabi/lib/thumb/v6-m/nofp/libc_nano.a(libc_a-findfp.o) (__retarget_lock_init_recursive)
/Applications/STM32CubeIDE.app/Contents/Eclipse/plugins/com.st.stm32cube.ide.mcu.externaltools.gnu-tools-for-stm32.13.3.rel1.macos64_1.0.0.202411102158/tools/bin/../lib/gcc/arm-none-eabi/13.3.1/../../../../arm-none-eabi/lib/thumb/v6-m/nofp/libc_nano.a(libc_a-impure.o)
                              /Applications/STM32CubeIDE.app/Contents/Eclipse/plugins/com.st.stm32cube.ide.mcu.externaltools.gnu-tools-for-stm32.13.3.rel1.macos64_1.0.0.202411102158/tools/bin/../lib/gcc/arm-none-eabi/13.3.1/../../../../arm-none-eabi/lib/thumb/v6-m/nofp/libc_nano.a(libc_a-errno.o) (_impure_ptr)
/Applications/STM32CubeIDE.app/Contents/Eclipse/plugins/com.st.stm32cube.ide.mcu.externaltools.gnu-tools-for-stm32.13.3.rel1.macos64_1.0.0.202411102158/tools/bin/../lib/gcc/arm-none-eabi/13.3.1/../../../../arm-none-eabi/lib/thumb/v6-m/nofp/libc_nano.a(libc_a-memcpy-stub.o)
                              ./Core/Src/FEB_CAN.o (memcpy)
[...]
Memory Configuration

Name             Origin             Length             Attributes
RAM              0x20000000         0x00001800         xrw
FLASH            0x08000000         0x00008000         xr
*default*        0x00000000         0xffffffff

Linker script and memory map

LOAD /Applications/STM32CubeIDE.app/Contents/Eclipse/plugins/com.st.stm32cube.ide.mcu.externaltools.gnu-tools-for-stm32.13.3.rel1.macos64_1.0.0.202411102158/tools/bin/../lib/gcc/arm-none-eabi/13.3.1/thumb/v6-m/nofp/crti.o
LOAD /Applications/STM32CubeIDE.app/Contents/Eclipse/plugins/com.st.stm32cube.ide.mcu.externaltools.gnu-tools-for-stm32.13.3.rel1.macos64_1.0.0.202411102158/tools/bin/../lib/gcc/arm-none-eabi/13.3.1/thumb/v6-m/nofp/crtbegin.o
LOAD /Applications/STM32CubeIDE.app/Contents/Eclipse/plugins/com.st.stm32cube.ide.mcu.externaltools.gnu-tools-for-stm32.13.3.rel1.macos64_1.0.0.202411102158/tools/bin/../lib/gcc/arm-none-eabi/13.3.1/../../../../arm-none-eabi/lib/thumb/v6-m/nofp/crt0.o
LOAD ./Core/Inc/FEB_CAN_Library_SN4/gen/feb_can.o
LOAD ./Core/Src/FEB_CAN.o
LOAD ./Core/Src/FEB_CAN_BMS.o
LOAD ./Core/Src/FEB_Fan.o
LOAD ./Core/Src/FEB_main.o
LOAD ./Core/Src/main.o
LOAD ./Core/Src/stm32f0xx_hal_msp.o
LOAD ./Core/Src/stm32f0xx_it.o
LOAD ./Core/Src/syscalls.o
LOAD ./Core/Src/sysmem.o
LOAD ./Core/Src/system_stm32f0xx.o
LOAD ./Core/Startup/startup_stm32f042k6tx.o
LOAD ./Drivers/STM32F0xx_HAL_Driver/Src/stm32f0xx_hal.o
LOAD ./Drivers/STM32F0xx_HAL_Driver/Src/stm32f0xx_hal_can.o
LOAD ./Drivers/STM32F0xx_HAL_Driver/Src/stm32f0xx_hal_cortex.o
LOAD ./Drivers/STM32F0xx_HAL_Driver/Src/stm32f0xx_hal_dma.o
LOAD ./Drivers/STM32F0xx_HAL_Driver/Src/stm32f0xx_hal_exti.o
LOAD ./Drivers/STM32F0xx_HAL_Driver/Src/stm32f0xx_hal_flash.o
LOAD ./Drivers/STM32F0xx_HAL_Driver/Src/stm32f0xx_hal_flash_ex.o
LOAD ./Drivers/STM32F0xx_HAL_Driver/Src/stm32f0xx_hal_gpio.o
LOAD ./Drivers/STM32F0xx_HAL_Driver/Src/stm32f0xx_hal_i2c.o
LOAD ./Drivers/STM32F0xx_HAL_Driver/Src/stm32f0xx_hal_i2c_ex.o
LOAD ./Drivers/STM32F0xx_HAL_Driver/Src/stm32f0xx_hal_pwr.o
LOAD ./Drivers/STM32F0xx_HAL_Driver/Src/stm32f0xx_hal_pwr_ex.o
LOAD ./Drivers/STM32F0xx_HAL_Driver/Src/stm32f0xx_hal_rcc.o
LOAD ./Drivers/STM32F0xx_HAL_Driver/Src/stm32f0xx_hal_rcc_ex.o
LOAD ./Drivers/STM32F0xx_HAL_Driver/Src/stm32f0xx_hal_tim.o
LOAD ./Drivers/STM32F0xx_HAL_Driver/Src/stm32f0xx_hal_tim_ex.o
LOAD ./Drivers/STM32F0xx_HAL_Driver/Src/stm32f0xx_hal_uart.o
LOAD ./Drivers/STM32F0xx_HAL_Driver/Src/stm32f0xx_hal_uart_ex.o
START GROUP
LOAD /Applications/STM32CubeIDE.app/Contents/Eclipse/plugins/com.st.stm32cube.ide.mcu.externaltools.gnu-tools-for-stm32.13.3.rel1.macos64_1.0.0.202411102158/tools/bin/../lib/gcc/arm-none-eabi/13.3.1/../../../../arm-none-eabi/lib/thumb/v6-m/nofp/libc_nano.a
LOAD /Applications/STM32CubeIDE.app/Contents/Eclipse/plugins/com.st.stm32cube.ide.mcu.externaltools.gnu-tools-for-stm32.13.3.rel1.macos64_1.0.0.202411102158/tools/bin/../lib/gcc/arm-none-eabi/13.3.1/../../../../arm-none-eabi/lib/thumb/v6-m/nofp/libm.a
END GROUP
START GROUP
LOAD /Applications/STM32CubeIDE.app/Contents/Eclipse/plugins/com.st.stm32cube.ide.mcu.externaltools.gnu-tools-for-stm32.13.3.rel1.macos64_1.0.0.202411102158/tools/bin/../lib/gcc/arm-none-eabi/13.3.1/thumb/v6-m/nofp/libgcc.a
LOAD /Applications/STM32CubeIDE.app/Contents/Eclipse/plugins/com.st.stm32cube.ide.mcu.externaltools.gnu-tools-for-stm32.13.3.rel1.macos64_1.0.0.202411102158/tools/bin/../lib/gcc/arm-none-eabi/13.3.1/../../../../arm-none-eabi/lib/thumb/v6-m/nofp/libc_nano.a
END GROUP
START GROUP
LOAD /Applications/STM32CubeIDE.app/Contents/Eclipse/plugins/com.st.stm32cube.ide.mcu.externaltools.gnu-tools-for-stm32.13.3.rel1.macos64_1.0.0.202411102158/tools/bin/../lib/gcc/arm-none-eabi/13.3.1/thumb/v6-m/nofp/libgcc.a
LOAD /Applications/STM32CubeIDE.app/Contents/Eclipse/plugins/com.st.stm32cube.ide.mcu.externaltools.gnu-tools-for-stm32.13.3.rel1.macos64_1.0.0.202411102158/tools/bin/../lib/gcc/arm-none-eabi/13.3.1/../../../../arm-none-eabi/lib/thumb/v6-m/nofp/libc_nano.a
LOAD /Applications/STM32CubeIDE.app/Contents/Eclipse/plugins/com.st.stm32cube.ide.mcu.externaltools.gnu-tools-for-stm32.13.3.rel1.macos64_1.0.0.202411102158/tools/bin/../lib/gcc/arm-none-eabi/13.3.1/../../../../arm-none-eabi/lib/thumb/v6-m/nofp/libnosys.a
END GROUP
START GROUP
LOAD /Applications/STM32CubeIDE.app/Contents/Eclipse/plugins/com.st.stm32cube.ide.mcu.externaltools.gnu-tools-for-stm32.13.3.rel1.macos64_1.0.0.202411102158/tools/bin/../lib/gcc/arm-none-eabi/13.3.1/thumb/v6-m/nofp/libgcc.a
LOAD /Applications/STM32CubeIDE.app/Contents/Eclipse/plugins/com.st.stm32cube.ide.mcu.externaltools.gnu-tools-for-stm32.13.3.rel1.macos64_1.0.0.202411102158/tools/bin/../lib/gcc/arm-none-eabi/13.3.1/../../../../arm-none-eabi/lib/thumb/v6-m/nofp/libc_nano.a
LOAD /Applications/STM32CubeIDE.app/Contents/Eclipse/plugins/com.st.stm32cube.ide.mcu.externaltools.gnu-tools-for-stm32.13.3.rel1.macos64_1.0.0.202411102158/tools/bin/../lib/gcc/arm-none-eabi/13.3.1/../../../../arm-none-eabi/lib/thumb/v6-m/nofp/libnosys.a
END GROUP
LOAD /Applications/STM32CubeIDE.app/Contents/Eclipse/plugins/com.st.stm32cube.ide.mcu.externaltools.gnu-tools-for-stm32.13.3.rel1.macos64_1.0.0.202411102158/tools/bin/../lib/gcc/arm-none-eabi/13.3.1/thumb/v6-m/nofp/crtend.o
LOAD /Applications/STM32CubeIDE.app/Contents/Eclipse/plugins/com.st.stm32cube.ide.mcu.externaltools.gnu-tools-for-stm32.13.3.rel1.macos64_1.0.0.202411102158/tools/bin/../lib/gcc/arm-none-eabi/13.3.1/thumb/v6-m/nofp/crtn.o
                0x20001800                        _estack = (ORIGIN (RAM) + LENGTH (RAM))
                0x00000200                        _Min_Heap_Size = 0x200
                0x00000400                        _Min_Stack_Size = 0x400

.isr_vector     0x08000000       0xc0
                0x08000000                        . = ALIGN (0x4)
 *(.isr_vector)
 .isr_vector    0x08000000       0xc0 ./Core/Startup/startup_stm32f042k6tx.o
                0x08000000                g_pfnVectors
                0x080000c0                        . = ALIGN (0x4)

.text           0x080000c0     0x58b4
                0x080000c0                        . = ALIGN (0x4)
 *(.text)
 .text          0x080000c0       0x48 /Applications/STM32CubeIDE.app/Contents/Eclipse/plugins/com.st.stm32cube.ide.mcu.externaltools.gnu-tools-for-stm32.13.3.rel1.macos64_1.0.0.202411102158/tools/bin/../lib/gcc/arm-none-eabi/13.3.1/thumb/v6-m/nofp/crtbegin.o
 .text          0x08000108      0x114 /Applications/STM32CubeIDE.app/Contents/Eclipse/plugins/com.st.stm32cube.ide.mcu.externaltools.gnu-tools-for-stm32.13.3.rel1.macos64_1.0.0.202411102158/tools/bin/../lib/gcc/arm-none-eabi/13.3.1/thumb/v6-m/nofp/libgcc.a(_udivsi3.o)
                0x08000108                __udivsi3
                0x08000108                __aeabi_uidiv
                0x08000214                __aeabi_uidivmod
 .text          0x0800021c        0x4 /Applications/STM32CubeIDE.app/Contents/Eclipse/plugins/com.st.stm32cube.ide.mcu.externaltools.gnu-tools-for-stm32.13.3.rel1.macos64_1.0.0.202411102158/tools/bin/../lib/gcc/arm-none-eabi/13.3.1/thumb/v6-m/nofp/libgcc.a(_dvmd_tls.o)
                0x0800021c                __aeabi_ldiv0
                0x0800021c                __aeabi_idiv0
 .text          0x08000220       0x74 /Applications/STM32CubeIDE.app/Contents/Eclipse/plugins/com.st.stm32cube.ide.mcu.externaltools.gnu-tools-for-stm32.13.3.rel1.macos64_1.0.0.202411102158/tools/bin/../lib/gcc/arm-none-eabi/13.3.1/thumb/v6-m/nofp/libgcc.a(_arm_cmpsf2.o)
                0x08000220                __aeabi_cfrcmple
                0x08000228                __aeabi_cfcmple
                0x08000228                __aeabi_cfcmpeq
                0x08000238                __aeabi_fcmpeq
                0x08000244                __aeabi_fcmplt
                0x08000258                __aeabi_fcmple
                0x0800026c                __aeabi_fcmpgt
                0x08000280                __aeabi_fcmpge
 .text          0x08000294       0x30 /Applications/STM32CubeIDE.app/Contents/Eclipse/plugins/com.st.stm32cube.ide.mcu.externaltools.gnu-tools-for-stm32.13.3.rel1.macos64_1.0.0.202411102158/tools/bin/../lib/gcc/arm-none-eabi/13.3.1/thumb/v6-m/nofp/libgcc.a(_fixunssfsi.o)
                0x08000294                __aeabi_f2uiz
                0x08000294                __fixunssfsi
 .text          0x080002c4      0x22c /Applications/STM32CubeIDE.app/Contents/Eclipse/plugins/com.st.stm32cube.ide.mcu.externaltools.gnu-tools-for-stm32.13.3.rel1.macos64_1.0.0.202411102158/tools/bin/../lib/gcc/arm-none-eabi/13.3.1/thumb/v6-m/nofp/libgcc.a(divsf3.o)
                0x080002c4                __aeabi_fdiv
 .text          0x080004f0       0x50 /Applications/STM32CubeIDE.app/Contents/Eclipse/plugins/com.st.stm32cube.ide.mcu.externaltools.gnu-tools-for-stm32.13.3.rel1.macos64_1.0.0.202411102158/tools/bin/../lib/gcc/arm-none-eabi/13.3.1/thumb/v6-m/nofp/libgcc.a(eqsf2.o)
                0x080004f0                __nesf2
                0x080004f0                __eqsf2
 .text          0x08000540       0x90 /Applications/STM32CubeIDE.app/Contents/Eclipse/plugins/com.st.stm32cube.ide.mcu.externaltools.gnu-tools-for-stm32.13.3.rel1.macos64_1.0.0.202411102158/tools/bin/../lib/gcc/arm-none-eabi/13.3.1/thumb/v6-m/nofp/libgcc.a(gesf2.o)
                0x08000540                __gtsf2
                0x08000540                __gesf2
 .text          0x080005d0       0x90 /Applications/STM32CubeIDE.app/Contents/Eclipse/plugins/com.st.stm32cube.ide.mcu.externaltools.gnu-tools-for-stm32.13.3.rel1.macos64_1.0.0.202411102158/tools/bin/../lib/gcc/arm-none-eabi/13.3.1/thumb/v6-m/nofp/libgcc.a(lesf2.o)
                0x080005d0                __lesf2
                0x080005d0                __ltsf2
 .text          0x08000660      0x4c8 /Applications/STM32CubeIDE.app/Contents/Eclipse/plugins/com.st.stm32cube.ide.mcu.externaltools.gnu-tools-for-stm32.13.3.rel1.macos64_1.0.0.202411102158/tools/bin/../lib/gcc/arm-none-eabi/13.3.1/thumb/v6-m/nofp/libgcc.a(subsf3.o)
                0x08000660                __aeabi_fsub
 .text          0x08000b28       0x40 /Applications/STM32CubeIDE.app/Contents/Eclipse/plugins/com.st.stm32cube.ide.mcu.externaltools.gnu-tools-for-stm32.13.3.rel1.macos64_1.0.0.202411102158/tools/bin/../lib/gcc/arm-none-eabi/13.3.1/thumb/v6-m/nofp/libgcc.a(fixsfsi.o)
                0x08000b28                __aeabi_f2iz
 .text          0x08000b68       0x8c /Applications/STM32CubeIDE.app/Contents/Eclipse/plugins/com.st.stm32cube.ide.mcu.externaltools.gnu-tools-for-stm32.13.3.rel1.macos64_1.0.0.202411102158/tools/bin/../lib/gcc/arm-none-eabi/13.3.1/thumb/v6-m/nofp/libgcc.a(floatunsisf.o)
                0x08000b68                __aeabi_ui2f
 .text          0x08000bf4       0x3c /Applications/STM32CubeIDE.app/Contents/Eclipse/plugins/com.st.stm32cube.ide.mcu.externaltools.gnu-tools-for-stm32.13.3.rel1.macos64_1.0.0.202411102158/tools/bin/../lib/gcc/arm-none-eabi/13.3.1/thumb/v6-m/nofp/libgcc.a(_clzsi2.o)
                0x08000bf4                __clzsi2
 *(.text*)
 .text.FEB_CAN_Init
                0x08000c30       0x2c ./Core/Src/FEB_CAN.o
                0x08000c30                FEB_CAN_Init
 .text.FEB_CAN_Filter_Config
                0x08000c5c       0x2c ./Core/Src/FEB_CAN.o
                0x08000c5c                FEB_CAN_Filter_Config
 .text.FEB_CAN_BMS_Filter
                0x08000c88       0x80 ./Core/Src/FEB_CAN_BMS.o
                0x08000c88                FEB_CAN_BMS_Filter
 .text.FEB_Fan_Init
                0x08000d08       0x18 ./Core/Src/FEB_Fan.o
                0x08000d08                FEB_Fan_Init
 .text.FEB_Fan_PWM_Init
                0x08000d20       0x40 ./Core/Src/FEB_Fan.o
                0x08000d20                FEB_Fan_PWM_Init
 .text.FEB_Fan_All_Speed_Set
                0x08000d60       0x9c ./Core/Src/FEB_Fan.o
                0x08000d60                FEB_Fan_All_Speed_Set
 .text.FEB_Fan_TACH_Init
                0x08000dfc       0x40 ./Core/Src/FEB_Fan.o
                0x08000dfc                FEB_Fan_TACH_Init
 .text.FEB_Fan_TACH_Callback
                0x08000e3c      0x160 ./Core/Src/FEB_Fan.o
                0x08000e3c                FEB_Fan_TACH_Callback
 .text.FEB_TACH_IIR
                0x08000f9c       0xf8 ./Core/Src/FEB_Fan.o
 .text.FEB_Init
                0x08001094       0x12 ./Core/Src/FEB_main.o
                0x08001094                FEB_Init
 .text.FEB_Main_Loop
                0x080010a6       0x14 ./Core/Src/FEB_main.o
                0x080010a6                FEB_Main_Loop
 .text.main     0x080010ba       0x3a ./Core/Src/main.o
                0x080010ba                main
 .text.SystemClock_Config
                0x080010f4       0x86 ./Core/Src/main.o
                0x080010f4                SystemClock_Config
 *fill*         0x0800117a        0x2 
 .text.MX_CAN_Init
                0x0800117c       0x6c ./Core/Src/main.o
 .text.MX_TIM1_Init
                0x080011e8      0x194 ./Core/Src/main.o
 .text.MX_TIM2_Init
                0x0800137c      0x10c ./Core/Src/main.o
 .text.MX_TIM3_Init
                0x08001488      0x114 ./Core/Src/main.o
 .text.MX_TIM14_Init
                0x0800159c       0x98 ./Core/Src/main.o
 .text.MX_TIM16_Init
                0x08001634       0xa0 ./Core/Src/main.o
 .text.MX_TIM17_Init
                0x080016d4       0xa0 ./Core/Src/main.o
 .text.MX_USART2_UART_Init
                0x08001774       0x60 ./Core/Src/main.o
 .text.MX_GPIO_Init
                0x080017d4       0x4c ./Core/Src/main.o
 .text.HAL_TIM_IC_CaptureCallback
                0x08001820       0x18 ./Core/Src/main.o
                0x08001820                HAL_TIM_IC_CaptureCallback
 .text.Error_Handler
                0x08001838        0xc ./Core/Src/main.o
                0x08001838                Error_Handler
 .text.HAL_MspInit
                0x08001844       0x48 ./Core/Src/stm32f0xx_hal_msp.o
                0x08001844                HAL_MspInit
 .text.HAL_CAN_MspInit
                0x0800188c       0x9c ./Core/Src/stm32f0xx_hal_msp.o
                0x0800188c                HAL_CAN_MspInit
 .text.HAL_TIM_Base_MspInit
                0x08001928      0x298 ./Core/Src/stm32f0xx_hal_msp.o
                0x08001928                HAL_TIM_Base_MspInit
 .text.HAL_TIM_MspPostInit
                0x08001bc0       0xdc ./Core/Src/stm32f0xx_hal_msp.o
                0x08001bc0                HAL_TIM_MspPostInit
 .text.HAL_UART_MspInit
                0x08001c9c       0xa8 ./Core/Src/stm32f0xx_hal_msp.o
                0x08001c9c                HAL_UART_MspInit
 .text.NMI_Handler
                0x08001d44        0x8 ./Core/Src/stm32f0xx_it.o
                0x08001d44                NMI_Handler
 .text.HardFault_Handler
                0x08001d4c        0x8 ./Core/Src/stm32f0xx_it.o
                0x08001d4c                HardFault_Handler
 .text.SVC_Handler
                0x08001d54        0xa ./Core/Src/stm32f0xx_it.o
                0x08001d54                SVC_Handler
 .text.PendSV_Handler
                0x08001d5e        0xa ./Core/Src/stm32f0xx_it.o
                0x08001d5e                PendSV_Handler
 .text.SysTick_Handler
                0x08001d68        0xe ./Core/Src/stm32f0xx_it.o
                0x08001d68                SysTick_Handler
 *fill*         0x08001d76        0x2 
 .text.TIM1_BRK_UP_TRG_COM_IRQHandler
                0x08001d78       0x18 ./Core/Src/stm32f0xx_it.o
                0x08001d78                TIM1_BRK_UP_TRG_COM_IRQHandler
 .text.TIM1_CC_IRQHandler
                0x08001d90       0x18 ./Core/Src/stm32f0xx_it.o
                0x08001d90                TIM1_CC_IRQHandler
 .text.TIM2_IRQHandler
                0x08001da8       0x18 ./Core/Src/stm32f0xx_it.o
                0x08001da8                TIM2_IRQHandler
 .text.TIM3_IRQHandler
                0x08001dc0       0x18 ./Core/Src/stm32f0xx_it.o
                0x08001dc0                TIM3_IRQHandler
 .text.TIM14_IRQHandler
                0x08001dd8       0x18 ./Core/Src/stm32f0xx_it.o
                0x08001dd8                TIM14_IRQHandler
 .text.USART2_IRQHandler
                0x08001df0       0x18 ./Core/Src/stm32f0xx_it.o
                0x08001df0                USART2_IRQHandler
 .text.SystemInit
                0x08001e08        0xa ./Core/Src/system_stm32f0xx.o
                0x08001e08                SystemInit
 *fill*         0x08001e12        0x2 
 .text.Reset_Handler
                0x08001e14       0x80 ./Core/Startup/startup_stm32f042k6tx.o
                0x08001e14                Reset_Handler
 .text.Default_Handler
                0x08001e94        0x2 ./Core/Startup/startup_stm32f042k6tx.o
                0x08001e94                USART1_IRQHandler
                0x08001e94                I2C1_IRQHandler
                0x08001e94                RCC_CRS_IRQHandler
                0x08001e94                SPI1_IRQHandler
                0x08001e94                EXTI2_3_IRQHandler
                0x08001e94                ADC1_IRQHandler
                0x08001e94                TIM17_IRQHandler
                0x08001e94                CEC_CAN_IRQHandler
                0x08001e94                RTC_IRQHandler
                0x08001e94                PVD_VDDIO2_IRQHandler
                0x08001e94                TIM16_IRQHandler
                0x08001e94                EXTI4_15_IRQHandler
                0x08001e94                DMA1_Channel1_IRQHandler
                0x08001e94                Default_Handler
                0x08001e94                DMA1_Channel4_5_IRQHandler
                0x08001e94                EXTI0_1_IRQHandler
                0x08001e94                USB_IRQHandler
                0x08001e94                SPI2_IRQHandler
                0x08001e94                WWDG_IRQHandler
                0x08001e94                DMA1_Channel2_3_IRQHandler
                0x08001e94                FLASH_IRQHandler
                0x08001e94                TSC_IRQHandler
 *fill*         0x08001e96        0x2 
 .text.HAL_Init
                0x08001e98       0x28 ./Drivers/STM32F0xx_HAL_Driver/Src/stm32f0xx_hal.o
                0x08001e98                HAL_Init
 .text.HAL_InitTick
                0x08001ec0       0x68 ./Drivers/STM32F0xx_HAL_Driver/Src/stm32f0xx_hal.o
                0x08001ec0                HAL_InitTick
 .text.HAL_IncTick
                0x08001f28       0x24 ./Drivers/STM32F0xx_HAL_Driver/Src/stm32f0xx_hal.o
                0x08001f28                HAL_IncTick
 .text.HAL_GetTick
                0x08001f4c       0x14 ./Drivers/STM32F0xx_HAL_Driver/Src/stm32f0xx_hal.o
                0x08001f4c                HAL_GetTick
 .text.HAL_Delay
                0x08001f60       0x48 ./Drivers/STM32F0xx_HAL_Driver/Src/stm32f0xx_hal.o
                0x08001f60                HAL_Delay
 .text.HAL_CAN_Init
                0x08001fa8      0x1fc ./Drivers/STM32F0xx_HAL_Driver/Src/stm32f0xx_hal_can.o
                0x08001fa8                HAL_CAN_Init
 .text.HAL_CAN_ConfigFilter
                0x080021a4      0x1e4 ./Drivers/STM32F0xx_HAL_Driver/Src/stm32f0xx_hal_can.o
                0x080021a4                HAL_CAN_ConfigFilter
 .text.HAL_CAN_Start
                0x08002388       0x8c ./Drivers/STM32F0xx_HAL_Driver/Src/stm32f0xx_hal_can.o
                0x08002388                HAL_CAN_Start
 .text.HAL_CAN_ActivateNotification
                0x08002414       0x54 ./Drivers/STM32F0xx_HAL_Driver/Src/stm32f0xx_hal_can.o
                0x08002414                HAL_CAN_ActivateNotification
 .text.__NVIC_EnableIRQ
                0x08002468       0x34 ./Drivers/STM32F0xx_HAL_Driver/Src/stm32f0xx_hal_cortex.o
 .text.__NVIC_SetPriority
                0x0800249c       0xdc ./Drivers/STM32F0xx_HAL_Driver/Src/stm32f0xx_hal_cortex.o
 .text.SysTick_Config
                0x08002578       0x48 ./Drivers/STM32F0xx_HAL_Driver/Src/stm32f0xx_hal_cortex.o
 .text.HAL_NVIC_SetPriority
                0x080025c0       0x2a ./Drivers/STM32F0xx_HAL_Driver/Src/stm32f0xx_hal_cortex.o
                0x080025c0                HAL_NVIC_SetPriority
 .text.HAL_NVIC_EnableIRQ
                0x080025ea       0x20 ./Drivers/STM32F0xx_HAL_Driver/Src/stm32f0xx_hal_cortex.o
                0x080025ea                HAL_NVIC_EnableIRQ
 .text.HAL_SYSTICK_Config
                0x0800260a       0x1a ./Drivers/STM32F0xx_HAL_Driver/Src/stm32f0xx_hal_cortex.o
                0x0800260a                HAL_SYSTICK_Config
 .text.HAL_DMA_Abort
                0x08002624       0x70 ./Drivers/STM32F0xx_HAL_Driver/Src/stm32f0xx_hal_dma.o
                0x08002624                HAL_DMA_Abort
 .text.HAL_DMA_Abort_IT
                0x08002694       0x8a ./Drivers/STM32F0xx_HAL_Driver/Src/stm32f0xx_hal_dma.o
                0x08002694                HAL_DMA_Abort_IT
 *fill*         0x0800271e        0x2 
 .text.HAL_GPIO_Init
                0x08002720      0x2d0 ./Drivers/STM32F0xx_HAL_Driver/Src/stm32f0xx_hal_gpio.o
                0x08002720                HAL_GPIO_Init
 .text.HAL_RCC_OscConfig
                0x080029f0      0x70c ./Drivers/STM32F0xx_HAL_Driver/Src/stm32f0xx_hal_rcc.o
                0x080029f0                HAL_RCC_OscConfig
 .text.HAL_RCC_ClockConfig
                0x080030fc      0x1b4 ./Drivers/STM32F0xx_HAL_Driver/Src/stm32f0xx_hal_rcc.o
                0x080030fc                HAL_RCC_ClockConfig
 .text.HAL_RCC_MCOConfig
                0x080032b0       0x80 ./Drivers/STM32F0xx_HAL_Driver/Src/stm32f0xx_hal_rcc.o
                0x080032b0                HAL_RCC_MCOConfig
 .text.HAL_RCC_GetSysClockFreq
                0x08003330       0xe4 ./Drivers/STM32F0xx_HAL_Driver/Src/stm32f0xx_hal_rcc.o
                0x08003330                HAL_RCC_GetSysClockFreq
 .text.HAL_RCC_GetHCLKFreq
                0x08003414       0x14 ./Drivers/STM32F0xx_HAL_Driver/Src/stm32f0xx_hal_rcc.o
                0x08003414                HAL_RCC_GetHCLKFreq
 .text.HAL_RCC_GetPCLK1Freq
                0x08003428       0x2c ./Drivers/STM32F0xx_HAL_Driver/Src/stm32f0xx_hal_rcc.o
                0x08003428                HAL_RCC_GetPCLK1Freq
 .text.HAL_TIM_Base_Init
                0x08003454       0xa0 ./Drivers/STM32F0xx_HAL_Driver/Src/stm32f0xx_hal_tim.o
                0x08003454                HAL_TIM_Base_Init
 .text.HAL_TIM_PWM_Init
                0x080034f4       0xa0 ./Drivers/STM32F0xx_HAL_Driver/Src/stm32f0xx_hal_tim.o
                0x080034f4                HAL_TIM_PWM_Init
 .text.HAL_TIM_PWM_MspInit
                0x08003594       0x10 ./Drivers/STM32F0xx_HAL_Driver/Src/stm32f0xx_hal_tim.o
                0x08003594                HAL_TIM_PWM_MspInit
 .text.HAL_TIM_PWM_Start
                0x080035a4      0x158 ./Drivers/STM32F0xx_HAL_Driver/Src/stm32f0xx_hal_tim.o
                0x080035a4                HAL_TIM_PWM_Start
 .text.HAL_TIM_IC_Init
                0x080036fc       0xa0 ./Drivers/STM32F0xx_HAL_Driver/Src/stm32f0xx_hal_tim.o
                0x080036fc                HAL_TIM_IC_Init
 .text.HAL_TIM_IC_MspInit
                0x0800379c       0x10 ./Drivers/STM32F0xx_HAL_Driver/Src/stm32f0xx_hal_tim.o
                0x0800379c                HAL_TIM_IC_MspInit
 .text.HAL_TIM_IC_Start_IT
                0x080037ac      0x210 ./Drivers/STM32F0xx_HAL_Driver/Src/stm32f0xx_hal_tim.o
                0x080037ac                HAL_TIM_IC_Start_IT
 .text.HAL_TIM_IRQHandler
                0x080039bc      0x22c ./Drivers/STM32F0xx_HAL_Driver/Src/stm32f0xx_hal_tim.o
                0x080039bc                HAL_TIM_IRQHandler
 .text.HAL_TIM_IC_ConfigChannel
                0x08003be8      0x148 ./Drivers/STM32F0xx_HAL_Driver/Src/stm32f0xx_hal_tim.o
                0x08003be8                HAL_TIM_IC_ConfigChannel
 .text.HAL_TIM_PWM_ConfigChannel
                0x08003d30      0x18c ./Drivers/STM32F0xx_HAL_Driver/Src/stm32f0xx_hal_tim.o
                0x08003d30                HAL_TIM_PWM_ConfigChannel
 .text.HAL_TIM_ConfigClockSource
                0x08003ebc      0x1a8 ./Drivers/STM32F0xx_HAL_Driver/Src/stm32f0xx_hal_tim.o
                0x08003ebc                HAL_TIM_ConfigClockSource
 .text.HAL_TIM_ReadCapturedValue
                0x08004064       0x68 ./Drivers/STM32F0xx_HAL_Driver/Src/stm32f0xx_hal_tim.o
                0x08004064                HAL_TIM_ReadCapturedValue
 .text.HAL_TIM_PeriodElapsedCallback
                0x080040cc       0x10 ./Drivers/STM32F0xx_HAL_Driver/Src/stm32f0xx_hal_tim.o
                0x080040cc                HAL_TIM_PeriodElapsedCallback
 .text.HAL_TIM_OC_DelayElapsedCallback
                0x080040dc       0x10 ./Drivers/STM32F0xx_HAL_Driver/Src/stm32f0xx_hal_tim.o
                0x080040dc                HAL_TIM_OC_DelayElapsedCallback
 .text.HAL_TIM_PWM_PulseFinishedCallback
                0x080040ec       0x10 ./Drivers/STM32F0xx_HAL_Driver/Src/stm32f0xx_hal_tim.o
                0x080040ec                HAL_TIM_PWM_PulseFinishedCallback
 .text.HAL_TIM_TriggerCallback
                0x080040fc       0x10 ./Drivers/STM32F0xx_HAL_Driver/Src/stm32f0xx_hal_tim.o
                0x080040fc                HAL_TIM_TriggerCallback
 .text.TIM_Base_SetConfig
                0x0800410c       0xec ./Drivers/STM32F0xx_HAL_Driver/Src/stm32f0xx_hal_tim.o
                0x0800410c                TIM_Base_SetConfig
 .text.TIM_OC1_SetConfig
                0x080041f8       0xfc ./Drivers/STM32F0xx_HAL_Driver/Src/stm32f0xx_hal_tim.o
 .text.TIM_OC2_SetConfig
                0x080042f4       0xfc ./Drivers/STM32F0xx_HAL_Driver/Src/stm32f0xx_hal_tim.o
                0x080042f4                TIM_OC2_SetConfig
 .text.TIM_OC3_SetConfig
                0x080043f0      0x100 ./Drivers/STM32F0xx_HAL_Driver/Src/stm32f0xx_hal_tim.o
 .text.TIM_OC4_SetConfig
                0x080044f0       0xc8 ./Drivers/STM32F0xx_HAL_Driver/Src/stm32f0xx_hal_tim.o
 .text.TIM_TI1_SetConfig
                0x080045b8       0xac ./Drivers/STM32F0xx_HAL_Driver/Src/stm32f0xx_hal_tim.o
                0x080045b8                TIM_TI1_SetConfig
 .text.TIM_TI1_ConfigInputStage
                0x08004664       0x5c ./Drivers/STM32F0xx_HAL_Driver/Src/stm32f0xx_hal_tim.o
 .text.TIM_TI2_SetConfig
                0x080046c0       0x84 ./Drivers/STM32F0xx_HAL_Driver/Src/stm32f0xx_hal_tim.o
 .text.TIM_TI2_ConfigInputStage
                0x08004744       0x64 ./Drivers/STM32F0xx_HAL_Driver/Src/stm32f0xx_hal_tim.o
 .text.TIM_TI3_SetConfig
                0x080047a8       0x80 ./Drivers/STM32F0xx_HAL_Driver/Src/stm32f0xx_hal_tim.o
 .text.TIM_TI4_SetConfig
                0x08004828       0x8c ./Drivers/STM32F0xx_HAL_Driver/Src/stm32f0xx_hal_tim.o
 .text.TIM_ITRx_SetConfig
                0x080048b4       0x32 ./Drivers/STM32F0xx_HAL_Driver/Src/stm32f0xx_hal_tim.o
 *fill*         0x080048e6        0x2 
 .text.TIM_ETR_SetConfig
                0x080048e8       0x40 ./Drivers/STM32F0xx_HAL_Driver/Src/stm32f0xx_hal_tim.o
                0x080048e8                TIM_ETR_SetConfig
 .text.TIM_CCxChannelCmd
                0x08004928       0x46 ./Drivers/STM32F0xx_HAL_Driver/Src/stm32f0xx_hal_tim.o
                0x08004928                TIM_CCxChannelCmd
 *fill*         0x0800496e        0x2 
 .text.HAL_TIMEx_MasterConfigSynchronization
                0x08004970       0xb0 ./Drivers/STM32F0xx_HAL_Driver/Src/stm32f0xx_hal_tim_ex.o
                0x08004970                HAL_TIMEx_MasterConfigSynchronization
 .text.HAL_TIMEx_ConfigBreakDeadTime
                0x08004a20       0xbc ./Drivers/STM32F0xx_HAL_Driver/Src/stm32f0xx_hal_tim_ex.o
                0x08004a20                HAL_TIMEx_ConfigBreakDeadTime
 .text.HAL_TIMEx_CommutCallback
                0x08004adc       0x10 ./Drivers/STM32F0xx_HAL_Driver/Src/stm32f0xx_hal_tim_ex.o
                0x08004adc                HAL_TIMEx_CommutCallback
 .text.HAL_TIMEx_BreakCallback
                0x08004aec       0x10 ./Drivers/STM32F0xx_HAL_Driver/Src/stm32f0xx_hal_tim_ex.o
                0x08004aec                HAL_TIMEx_BreakCallback
 .text.HAL_UART_Init
                0x08004afc       0xa8 ./Drivers/STM32F0xx_HAL_Driver/Src/stm32f0xx_hal_uart.o
                0x08004afc                HAL_UART_Init
 .text.HAL_UART_IRQHandler
                0x08004ba4      0x5c0 ./Drivers/STM32F0xx_HAL_Driver/Src/stm32f0xx_hal_uart.o
                0x08004ba4                HAL_UART_IRQHandler
 .text.HAL_UART_TxCpltCallback
                0x08005164       0x10 ./Drivers/STM32F0xx_HAL_Driver/Src/stm32f0xx_hal_uart.o
                0x08005164                HAL_UART_TxCpltCallback
 .text.HAL_UART_ErrorCallback
                0x08005174       0x10 ./Drivers/STM32F0xx_HAL_Driver/Src/stm32f0xx_hal_uart.o
                0x08005174                HAL_UART_ErrorCallback
 .text.HAL_UARTEx_RxEventCallback
                0x08005184       0x16 ./Drivers/STM32F0xx_HAL_Driver/Src/stm32f0xx_hal_uart.o
                0x08005184                HAL_UARTEx_RxEventCallback
 *fill*         0x0800519a        0x2 
 .text.UART_SetConfig
                0x0800519c      0x280 ./Drivers/STM32F0xx_HAL_Driver/Src/stm32f0xx_hal_uart.o
                0x0800519c                UART_SetConfig
 .text.UART_AdvFeatureConfig
                0x0800541c      0x168 ./Drivers/STM32F0xx_HAL_Driver/Src/stm32f0xx_hal_uart.o
                0x0800541c                UART_AdvFeatureConfig
 .text.UART_CheckIdleState
                0x08005584      0x150 ./Drivers/STM32F0xx_HAL_Driver/Src/stm32f0xx_hal_uart.o
                0x08005584                UART_CheckIdleState
 .text.UART_WaitOnFlagUntilTimeout
                0x080056d4       0xd2 ./Drivers/STM32F0xx_HAL_Driver/Src/stm32f0xx_hal_uart.o
                0x080056d4                UART_WaitOnFlagUntilTimeout
 *fill*         0x080057a6        0x2 
 .text.UART_EndRxTransfer
                0x080057a8       0xc8 ./Drivers/STM32F0xx_HAL_Driver/Src/stm32f0xx_hal_uart.o
 .text.UART_DMAAbortOnError
                0x08005870       0x2e ./Drivers/STM32F0xx_HAL_Driver/Src/stm32f0xx_hal_uart.o
 .text.UART_EndTransmit_IT
                0x0800589e       0x56 ./Drivers/STM32F0xx_HAL_Driver/Src/stm32f0xx_hal_uart.o
 .text.HAL_UARTEx_WakeupCallback
                0x080058f4       0x10 ./Drivers/STM32F0xx_HAL_Driver/Src/stm32f0xx_hal_uart_ex.o
                0x080058f4                HAL_UARTEx_WakeupCallback
 .text.memset   0x08005904       0x10 /Applications/STM32CubeIDE.app/Contents/Eclipse/plugins/com.st.stm32cube.ide.mcu.externaltools.gnu-tools-for-stm32.13.3.rel1.macos64_1.0.0.202411102158/tools/bin/../lib/gcc/arm-none-eabi/13.3.1/../../../../arm-none-eabi/lib/thumb/v6-m/nofp/libc_nano.a(libc_a-memset.o)
                0x08005904                memset
 .text.__libc_init_array
                0x08005914       0x48 /Applications/STM32CubeIDE.app/Contents/Eclipse/plugins/com.st.stm32cube.ide.mcu.externaltools.gnu-tools-for-stm32.13.3.rel1.macos64_1.0.0.202411102158/tools/bin/../lib/gcc/arm-none-eabi/13.3.1/../../../../arm-none-eabi/lib/thumb/v6-m/nofp/libc_nano.a(libc_a-init.o)
                0x08005914                __libc_init_array
 *(.glue_7)
 .glue_7        0x0800595c        0x0 linker stubs
 *(.glue_7t)
 .glue_7t       0x0800595c        0x0 linker stubs
 *(.eh_frame)
 .eh_frame      0x0800595c        0x0 /Applications/STM32CubeIDE.app/Contents/Eclipse/plugins/com.st.stm32cube.ide.mcu.externaltools.gnu-tools-for-stm32.13.3.rel1.macos64_1.0.0.202411102158/tools/bin/../lib/gcc/arm-none-eabi/13.3.1/thumb/v6-m/nofp/crtbegin.o
 *(.init)
 .init          0x0800595c        0x4 /Applications/STM32CubeIDE.app/Contents/Eclipse/plugins/com.st.stm32cube.ide.mcu.externaltools.gnu-tools-for-stm32.13.3.rel1.macos64_1.0.0.202411102158/tools/bin/../lib/gcc/arm-none-eabi/13.3.1/thumb/v6-m/nofp/crti.o
                0x0800595c                _init
 .init          0x08005960        0x8 /Applications/STM32CubeIDE.app/Contents/Eclipse/plugins/com.st.stm32cube.ide.mcu.externaltools.gnu-tools-for-stm32.13.3.rel1.macos64_1.0.0.202411102158/tools/bin/../lib/gcc/arm-none-eabi/13.3.1/thumb/v6-m/nofp/crtn.o
 *(.fini)
 .fini          0x08005968        0x4 /Applications/STM32CubeIDE.app/Contents/Eclipse/plugins/com.st.stm32cube.ide.mcu.externaltools.gnu-tools-for-stm32.13.3.rel1.macos64_1.0.0.202411102158/tools/bin/../lib/gcc/arm-none-eabi/13.3.1/thumb/v6-m/nofp/crti.o
                0x08005968                _fini
 .fini          0x0800596c        0x8 /Applications/STM32CubeIDE.app/Contents/Eclipse/plugins/com.st.stm32cube.ide.mcu.externaltools.gnu-tools-for-stm32.13.3.rel1.macos64_1.0.0.202411102158/tools/bin/../lib/gcc/arm-none-eabi/13.3.1/thumb/v6-m/nofp/crtn.o
                0x08005974                        . = ALIGN (0x4)
                0x08005974                        _etext = .

.vfp11_veneer   0x08005974        0x0
 .vfp11_veneer  0x08005974        0x0 linker stubs

.v4_bx          0x08005974        0x0
 .v4_bx         0x08005974        0x0 linker stubs

.iplt           0x08005974        0x0
 .iplt          0x08005974        0x0 /Applications/STM32CubeIDE.app/Contents/Eclipse/plugins/com.st.stm32cube.ide.mcu.externaltools.gnu-tools-for-stm32.13.3.rel1.macos64_1.0.0.202411102158/tools/bin/../lib/gcc/arm-none-eabi/13.3.1/thumb/v6-m/nofp/crtbegin.o

.rodata         0x08005974       0xb4
                0x08005974                        . = ALIGN (0x4)
 *(.rodata)
 .rodata        0x08005974       0x7c /Applications/STM32CubeIDE.app/Contents/Eclipse/plugins/com.st.stm32cube.ide.mcu.externaltools.gnu-tools-for-stm32.13.3.rel1.macos64_1.0.0.202411102158/tools/bin/../lib/gcc/arm-none-eabi/13.3.1/thumb/v6-m/nofp/libgcc.a(divsf3.o)
 *(.rodata*)
 .rodata.AHBPrescTable
                0x080059f0       0x10 ./Core/Src/system_stm32f0xx.o
                0x080059f0                AHBPrescTable
 .rodata.APBPrescTable
                0x08005a00        0x8 ./Core/Src/system_stm32f0xx.o
                0x08005a00                APBPrescTable
 .rodata.aPLLMULFactorTable.1
                0x08005a08       0x10 ./Drivers/STM32F0xx_HAL_Driver/Src/stm32f0xx_hal_rcc.o
 .rodata.aPredivFactorTable.0
                0x08005a18       0x10 ./Drivers/STM32F0xx_HAL_Driver/Src/stm32f0xx_hal_rcc.o
                0x08005a28                        . = ALIGN (0x4)

.rel.dyn        0x08005a28        0x0
 .rel.iplt      0x08005a28        0x0 /Applications/STM32CubeIDE.app/Contents/Eclipse/plugins/com.st.stm32cube.ide.mcu.externaltools.gnu-tools-for-stm32.13.3.rel1.macos64_1.0.0.202411102158/tools/bin/../lib/gcc/arm-none-eabi/13.3.1/thumb/v6-m/nofp/crtbegin.o

.ARM.extab      0x08005a28        0x0
                0x08005a28                        . = ALIGN (0x4)
 *(.ARM.extab* .gnu.linkonce.armextab.*)
                0x08005a28                        . = ALIGN (0x4)

.ARM            0x08005a28        0x0
                0x08005a28                        . = ALIGN (0x4)
                0x08005a28                        __exidx_start = .
 *(.ARM.exidx*)
                0x08005a28                        __exidx_end = .
                0x08005a28                        . = ALIGN (0x4)

.preinit_array  0x08005a28        0x0
                0x08005a28                        . = ALIGN (0x4)
                0x08005a28                        PROVIDE (__preinit_array_start = .)
 *(.preinit_array*)
                0x08005a28                        PROVIDE (__preinit_array_end = .)
                0x08005a28                        . = ALIGN (0x4)

.init_array     0x08005a28        0x4
                0x08005a28                        . = ALIGN (0x4)
                0x08005a28                        PROVIDE (__init_array_start = .)
 *(SORT_BY_NAME(.init_array.*))
 *(.init_array*)
 .init_array    0x08005a28        0x4 /Applications/STM32CubeIDE.app/Contents/Eclipse/plugins/com.st.stm32cube.ide.mcu.externaltools.gnu-tools-for-stm32.13.3.rel1.macos64_1.0.0.202411102158/tools/bin/../lib/gcc/arm-none-eabi/13.3.1/thumb/v6-m/nofp/crtbegin.o
                0x08005a2c                        PROVIDE (__init_array_end = .)
                0x08005a2c                        . = ALIGN (0x4)

.fini_array     0x08005a2c        0x4
                0x08005a2c                        . = ALIGN (0x4)
                [!provide]                        PROVIDE (__fini_array_start = .)
 *(SORT_BY_NAME(.fini_array.*))
 *(.fini_array*)
 .fini_array    0x08005a2c        0x4 /Applications/STM32CubeIDE.app/Contents/Eclipse/plugins/com.st.stm32cube.ide.mcu.externaltools.gnu-tools-for-stm32.13.3.rel1.macos64_1.0.0.202411102158/tools/bin/../lib/gcc/arm-none-eabi/13.3.1/thumb/v6-m/nofp/crtbegin.o
                [!provide]                        PROVIDE (__fini_array_end = .)
                0x08005a30                        . = ALIGN (0x4)
                0x08005a30                        _sidata = LOADADDR (.data)

.data           0x20000000       0x48 load address 0x08005a30
                0x20000000                        . = ALIGN (0x4)
                0x20000000                        _sdata = .
 *(.data)
 *(.data*)
 .data.timer    0x20000000       0x14 ./Core/Src/FEB_Fan.o
 .data.tim_active_channels
                0x20000014       0x14 ./Core/Src/FEB_Fan.o
 .data.tim_channels
                0x20000028       0x14 ./Core/Src/FEB_Fan.o
 .data.SystemCoreClock
                0x2000003c        0x4 ./Core/Src/system_stm32f0xx.o
                0x2000003c                SystemCoreClock
 .data.uwTickPrio
                0x20000040        0x4 ./Drivers/STM32F0xx_HAL_Driver/Src/stm32f0xx_hal.o
                0x20000040                uwTickPrio
 .data.uwTickFreq
                0x20000044        0x1 ./Drivers/STM32F0xx_HAL_Driver/Src/stm32f0xx_hal.o
                0x20000044                uwTickFreq
 *(.RamFunc)
 *(.RamFunc*)
                0x20000048                        . = ALIGN (0x4)
 *fill*         0x20000045        0x3 
                0x20000048                        _edata = .

.igot.plt       0x20000048        0x0 load address 0x08005a78
 .igot.plt      0x20000048        0x0 /Applications/STM32CubeIDE.app/Contents/Eclipse/plugins/com.st.stm32cube.ide.mcu.externaltools.gnu-tools-for-stm32.13.3.rel1.macos64_1.0.0.202411102158/tools/bin/../lib/gcc/arm-none-eabi/13.3.1/thumb/v6-m/nofp/crtbegin.o
                0x20000048                        . = ALIGN (0x4)

.bss            0x20000048      0x2d8 load address 0x08005a78
                0x20000048                        _sbss = .
                0x20000048                        __bss_start__ = _sbss
 *(.bss)
 .bss           0x20000048       0x1c /Applications/STM32CubeIDE.app/Contents/Eclipse/plugins/com.st.stm32cube.ide.mcu.externaltools.gnu-tools-for-stm32.13.3.rel1.macos64_1.0.0.202411102158/tools/bin/../lib/gcc/arm-none-eabi/13.3.1/thumb/v6-m/nofp/crtbegin.o
 *(.bss*)
 .bss.frequency
                0x20000064        0xa ./Core/Src/FEB_Fan.o
                0x20000064                frequency
 *fill*         0x2000006e        0x2 
 .bss.filter    0x20000070       0x14 ./Core/Src/FEB_Fan.o
 .bss.filter_init
                0x20000084        0x5 ./Core/Src/FEB_Fan.o
 *fill*         0x20000089        0x3 
 .bss.IC_first_rising_edge
                0x2000008c       0x14 ./Core/Src/FEB_Fan.o
 .bss.IC_second_rising_edge
                0x200000a0       0x14 ./Core/Src/FEB_Fan.o
 .bss.first_capture
                0x200000b4        0x5 ./Core/Src/FEB_Fan.o
 *fill*         0x200000b9        0x3 
 .bss.hcan      0x200000bc       0x28 ./Core/Src/main.o
                0x200000bc                hcan
 .bss.htim1     0x200000e4       0x48 ./Core/Src/main.o
                0x200000e4                htim1
 .bss.htim2     0x2000012c       0x48 ./Core/Src/main.o
                0x2000012c                htim2
 .bss.htim3     0x20000174       0x48 ./Core/Src/main.o
                0x20000174                htim3
 .bss.htim14    0x200001bc       0x48 ./Core/Src/main.o
                0x200001bc                htim14
 .bss.htim16    0x20000204       0x48 ./Core/Src/main.o
                0x20000204                htim16
 .bss.htim17    0x2000024c       0x48 ./Core/Src/main.o
                0x2000024c                htim17
 .bss.huart2    0x20000294       0x88 ./Core/Src/main.o
                0x20000294                huart2
 .bss.uwTick    0x2000031c        0x4 ./Drivers/STM32F0xx_HAL_Driver/Src/stm32f0xx_hal.o
                0x2000031c                uwTick
 *(COMMON)
                0x20000320                        . = ALIGN (0x4)
                0x20000320                        _ebss = .
                0x20000320                        __bss_end__ = _ebss

._user_heap_stack
                0x20000320      0x600 load address 0x08005a78
                0x20000320                        . = ALIGN (0x8)
                [!provide]                        PROVIDE (end = .)
                0x20000320                        PROVIDE (_end = .)
                0x20000520                        . = (. + _Min_Heap_Size)
 *fill*         0x20000320      0x200 
                0x20000920                        . = (. + _Min_Stack_Size)
 *fill*         0x20000520      0x400 
                0x20000920                        . = ALIGN (0x8)

/DISCARD/
 libc.a(*)
 libm.a(*)
 libgcc.a(*)

.ARM.attributes
                0x00000000       0x28
 *(.ARM.attributes)
 .ARM.attributes
                0x00000000       0x1e /Applications/STM32CubeIDE.app/Contents/Eclipse/plugins/com.st.stm32cube.ide.mcu.externaltools.gnu-tools-for-stm32.13.3.rel1.macos64_1.0.0.202411102158/tools/bin/../lib/gcc/arm-none-eabi/13.3.1/thumb/v6-m/nofp/crti.o
 .ARM.attributes
                0x0000001e       0x2c /Applications/STM32CubeIDE.app/Contents/Eclipse/plugins/com.st.stm32cube.ide.mcu.externaltools.gnu-tools-for-stm32.13.3.rel1.macos64_1.0.0.202411102158/tools/bin/../lib/gcc/arm-none-eabi/13.3.1/thumb/v6-m/nofp/crtbegin.o
 .ARM.attributes
                0x0000004a       0x2c ./Core/Src/FEB_CAN.o
 .ARM.attributes
                0x00000076       0x2c ./Core/Src/FEB_CAN_BMS.o
 .ARM.attributes
                0x000000a2       0x2c ./Core/Src/FEB_Fan.o
 .ARM.attributes
                0x000000ce       0x2c ./Core/Src/FEB_main.o
 .ARM.attributes
                0x000000fa       0x2c ./Core/Src/main.o
 .ARM.attributes
                0x00000126       0x2c ./Core/Src/stm32f0xx_hal_msp.o
 .ARM.attributes
                0x00000152       0x2c ./Core/Src/stm32f0xx_it.o
 .ARM.attributes
                0x0000017e       0x2c ./Core/Src/system_stm32f0xx.o
 .ARM.attributes
                0x000001aa       0x21 ./Core/Startup/startup_stm32f042k6tx.o
 .ARM.attributes
                0x000001cb       0x2c ./Drivers/STM32F0xx_HAL_Driver/Src/stm32f0xx_hal.o
 .ARM.attributes
                0x000001f7       0x2c ./Drivers/STM32F0xx_HAL_Driver/Src/stm32f0xx_hal_can.o
 .ARM.attributes
                0x00000223       0x2c ./Drivers/STM32F0xx_HAL_Driver/Src/stm32f0xx_hal_cortex.o
 .ARM.attributes
                0x0000024f       0x2c ./Drivers/STM32F0xx_HAL_Driver/Src/stm32f0xx_hal_dma.o
 .ARM.attributes
                0x0000027b       0x2c ./Drivers/STM32F0xx_HAL_Driver/Src/stm32f0xx_hal_gpio.o
 .ARM.attributes
                0x000002a7       0x2c ./Drivers/STM32F0xx_HAL_Driver/Src/stm32f0xx_hal_rcc.o
 .ARM.attributes
                0x000002d3       0x2c ./Drivers/STM32F0xx_HAL_Driver/Src/stm32f0xx_hal_tim.o
 .ARM.attributes
                0x000002ff       0x2c ./Drivers/STM32F0xx_HAL_Driver/Src/stm32f0xx_hal_tim_ex.o
 .ARM.attributes
                0x0000032b       0x2c ./Drivers/STM32F0xx_HAL_Driver/Src/stm32f0xx_hal_uart.o
 .ARM.attributes
                0x00000357       0x2c ./Drivers/STM32F0xx_HAL_Driver/Src/stm32f0xx_hal_uart_ex.o
 .ARM.attributes
                0x00000383       0x2c /Applications/STM32CubeIDE.app/Contents/Eclipse/plugins/com.st.stm32cube.ide.mcu.externaltools.gnu-tools-for-stm32.13.3.rel1.macos64_1.0.0.202411102158/tools/bin/../lib/gcc/arm-none-eabi/13.3.1/../../../../arm-none-eabi/lib/thumb/v6-m/nofp/libc_nano.a(libc_a-memset.o)
 .ARM.attributes
                0x000003af       0x2c /Applications/STM32CubeIDE.app/Contents/Eclipse/plugins/com.st.stm32cube.ide.mcu.externaltools.gnu-tools-for-stm32.13.3.rel1.macos64_1.0.0.202411102158/tools/bin/../lib/gcc/arm-none-eabi/13.3.1/../../../../arm-none-eabi/lib/thumb/v6-m/nofp/libc_nano.a(libc_a-init.o)
 .ARM.attributes
                0x000003db       0x1e /Applications/STM32CubeIDE.app/Contents/Eclipse/plugins/com.st.stm32cube.ide.mcu.externaltools.gnu-tools-for-stm32.13.3.rel1.macos64_1.0.0.202411102158/tools/bin/../lib/gcc/arm-none-eabi/13.3.1/thumb/v6-m/nofp/libgcc.a(_udivsi3.o)
 .ARM.attributes
                0x000003f9       0x1e /Applications/STM32CubeIDE.app/Contents/Eclipse/plugins/com.st.stm32cube.ide.mcu.externaltools.gnu-tools-for-stm32.13.3.rel1.macos64_1.0.0.202411102158/tools/bin/../lib/gcc/arm-none-eabi/13.3.1/thumb/v6-m/nofp/libgcc.a(_dvmd_tls.o)
 .ARM.attributes
                0x00000417       0x1e /Applications/STM32CubeIDE.app/Contents/Eclipse/plugins/com.st.stm32cube.ide.mcu.externaltools.gnu-tools-for-stm32.13.3.rel1.macos64_1.0.0.202411102158/tools/bin/../lib/gcc/arm-none-eabi/13.3.1/thumb/v6-m/nofp/libgcc.a(_arm_cmpsf2.o)
 .ARM.attributes
                0x00000435       0x2c /Applications/STM32CubeIDE.app/Contents/Eclipse/plugins/com.st.stm32cube.ide.mcu.externaltools.gnu-tools-for-stm32.13.3.rel1.macos64_1.0.0.202411102158/tools/bin/../lib/gcc/arm-none-eabi/13.3.1/thumb/v6-m/nofp/libgcc.a(_fixunssfsi.o)
 .ARM.attributes
                0x00000461       0x2c /Applications/STM32CubeIDE.app/Contents/Eclipse/plugins/com.st.stm32cube.ide.mcu.externaltools.gnu-tools-for-stm32.13.3.rel1.macos64_1.0.0.202411102158/tools/bin/../lib/gcc/arm-none-eabi/13.3.1/thumb/v6-m/nofp/libgcc.a(divsf3.o)
 .ARM.attributes
                0x0000048d       0x2c /Applications/STM32CubeIDE.app/Contents/Eclipse/plugins/com.st.stm32cube.ide.mcu.externaltools.gnu-tools-for-stm32.13.3.rel1.macos64_1.0.0.202411102158/tools/bin/../lib/gcc/arm-none-eabi/13.3.1/thumb/v6-m/nofp/libgcc.a(eqsf2.o)
 .ARM.attributes
                0x000004b9       0x2c /Applications/STM32CubeIDE.app/Contents/Eclipse/plugins/com.st.stm32cube.ide.mcu.externaltools.gnu-tools-for-stm32.13.3.rel1.macos64_1.0.0.202411102158/tools/bin/../lib/gcc/arm-none-eabi/13.3.1/thumb/v6-m/nofp/libgcc.a(gesf2.o)
 .ARM.attributes
                0x000004e5       0x2c /Applications/STM32CubeIDE.app/Contents/Eclipse/plugins/com.st.stm32cube.ide.mcu.externaltools.gnu-tools-for-stm32.13.3.rel1.macos64_1.0.0.202411102158/tools/bin/../lib/gcc/arm-none-eabi/13.3.1/thumb/v6-m/nofp/libgcc.a(lesf2.o)
 .ARM.attributes
                0x00000511       0x2c /Applications/STM32CubeIDE.app/Contents/Eclipse/plugins/com.st.stm32cube.ide.mcu.externaltools.gnu-tools-for-stm32.13.3.rel1.macos64_1.0.0.202411102158/tools/bin/../lib/gcc/arm-none-eabi/13.3.1/thumb/v6-m/nofp/libgcc.a(subsf3.o)
 .ARM.attributes
                0x0000053d       0x2c /Applications/STM32CubeIDE.app/Contents/Eclipse/plugins/com.st.stm32cube.ide.mcu.externaltools.gnu-tools-for-stm32.13.3.rel1.macos64_1.0.0.202411102158/tools/bin/../lib/gcc/arm-none-eabi/13.3.1/thumb/v6-m/nofp/libgcc.a(fixsfsi.o)
 .ARM.attributes
                0x00000569       0x2c /Applications/STM32CubeIDE.app/Contents/Eclipse/plugins/com.st.stm32cube.ide.mcu.externaltools.gnu-tools-for-stm32.13.3.rel1.macos64_1.0.0.202411102158/tools/bin/../lib/gcc/arm-none-eabi/13.3.1/thumb/v6-m/nofp/libgcc.a(floatunsisf.o)
 .ARM.attributes
                0x00000595       0x1e /Applications/STM32CubeIDE.app/Contents/Eclipse/plugins/com.st.stm32cube.ide.mcu.externaltools.gnu-tools-for-stm32.13.3.rel1.macos64_1.0.0.202411102158/tools/bin/../lib/gcc/arm-none-eabi/13.3.1/thumb/v6-m/nofp/libgcc.a(_clzsi2.o)
 .ARM.attributes
                0x000005b3       0x1e /Applications/STM32CubeIDE.app/Contents/Eclipse/plugins/com.st.stm32cube.ide.mcu.externaltools.gnu-tools-for-stm32.13.3.rel1.macos64_1.0.0.202411102158/tools/bin/../lib/gcc/arm-none-eabi/13.3.1/thumb/v6-m/nofp/crtn.o
OUTPUT(DART_3.elf elf32-littlearm)
LOAD linker stubs
LOAD /Applications/STM32CubeIDE.app/Contents/Eclipse/plugins/com.st.stm32cube.ide.mcu.externaltools.gnu-tools-for-stm32.13.3.rel1.macos64_1.0.0.202411102158/tools/bin/../lib/gcc/arm-none-eabi/13.3.1/../../../../arm-none-eabi/lib/thumb/v6-m/nofp/libc.a
LOAD /Applications/STM32CubeIDE.app/Contents/Eclipse/plugins/com.st.stm32cube.ide.mcu.externaltools.gnu-tools-for-stm32.13.3.rel1.macos64_1.0.0.202411102158/tools/bin/../lib/gcc/arm-none-eabi/13.3.1/../../../../arm-none-eabi/lib/thumb/v6-m/nofp/libm.a
LOAD /Applications/STM32CubeIDE.app/Contents/Eclipse/plugins/com.st.stm32cube.ide.mcu.externaltools.gnu-tools-for-stm32.13.3.rel1.macos64_1.0.0.202411102158/tools/bin/../lib/gcc/arm-none-eabi/13.3.1/thumb/v6-m/nofp/libgcc.a

.debug_info     0x00000000    0x10441
 .debug_info    0x00000000      0x79a ./Core/Src/FEB_CAN.o
 .debug_info    0x0000079a      0x66a ./Core/Src/FEB_CAN_BMS.o
 .debug_info    0x00000e04      0x9a4 ./Core/Src/FEB_Fan.o
 .debug_info    0x000017a8       0xe6 ./Core/Src/FEB_main.o
 .debug_info    0x0000188e     0x1599 ./Core/Src/main.o
 .debug_info    0x00002e27     0x136a ./Core/Src/stm32f0xx_hal_msp.o
 .debug_info    0x00004191      0xa7a ./Core/Src/stm32f0xx_it.o
 .debug_info    0x00004c0b      0x242 ./Core/Src/system_stm32f0xx.o
 .debug_info    0x00004e4d       0x30 ./Core/Startup/startup_stm32f042k6tx.o
 .debug_info    0x00004e7d      0x69d ./Drivers/STM32F0xx_HAL_Driver/Src/stm32f0xx_hal.o
 .debug_info    0x0000551a      0xec9 ./Drivers/STM32F0xx_HAL_Driver/Src/stm32f0xx_hal_can.o
 .debug_info    0x000063e3      0x6a7 ./Drivers/STM32F0xx_HAL_Driver/Src/stm32f0xx_hal_cortex.o
 .debug_info    0x00006a8a      0x6ea ./Drivers/STM32F0xx_HAL_Driver/Src/stm32f0xx_hal_dma.o
 .debug_info    0x00007174      0x5a6 ./Drivers/STM32F0xx_HAL_Driver/Src/stm32f0xx_hal_gpio.o
 .debug_info    0x0000771a      0x83f ./Drivers/STM32F0xx_HAL_Driver/Src/stm32f0xx_hal_rcc.o
 .debug_info    0x00007f59     0x2932 ./Drivers/STM32F0xx_HAL_Driver/Src/stm32f0xx_hal_tim.o
 .debug_info    0x0000a88b     0x1492 ./Drivers/STM32F0xx_HAL_Driver/Src/stm32f0xx_hal_tim_ex.o
 .debug_info    0x0000bd1d     0x3aa2 ./Drivers/STM32F0xx_HAL_Driver/Src/stm32f0xx_hal_uart.o
 .debug_info    0x0000f7bf      0xc82 ./Drivers/STM32F0xx_HAL_Driver/Src/stm32f0xx_hal_uart_ex.o

.debug_abbrev   0x00000000     0x261d
 .debug_abbrev  0x00000000      0x1e6 ./Core/Src/FEB_CAN.o
 .debug_abbrev  0x000001e6      0x186 ./Core/Src/FEB_CAN_BMS.o
 .debug_abbrev  0x0000036c      0x211 ./Core/Src/FEB_Fan.o
 .debug_abbrev  0x0000057d       0x86 ./Core/Src/FEB_main.o
 .debug_abbrev  0x00000603      0x359 ./Core/Src/main.o
 .debug_abbrev  0x0000095c      0x252 ./Core/Src/stm32f0xx_hal_msp.o
 .debug_abbrev  0x00000bae      0x19c ./Core/Src/stm32f0xx_it.o
 .debug_abbrev  0x00000d4a      0x11c ./Core/Src/system_stm32f0xx.o
 .debug_abbrev  0x00000e66       0x24 ./Core/Startup/startup_stm32f042k6tx.o
 .debug_abbrev  0x00000e8a      0x247 ./Drivers/STM32F0xx_HAL_Driver/Src/stm32f0xx_hal.o
 .debug_abbrev  0x000010d1      0x1d4 ./Drivers/STM32F0xx_HAL_Driver/Src/stm32f0xx_hal_can.o
 .debug_abbrev  0x000012a5      0x28c ./Drivers/STM32F0xx_HAL_Driver/Src/stm32f0xx_hal_cortex.o
 .debug_abbrev  0x00001531      0x224 ./Drivers/STM32F0xx_HAL_Driver/Src/stm32f0xx_hal_dma.o
 .debug_abbrev  0x00001755      0x1cb ./Drivers/STM32F0xx_HAL_Driver/Src/stm32f0xx_hal_gpio.o
 .debug_abbrev  0x00001920      0x28c ./Drivers/STM32F0xx_HAL_Driver/Src/stm32f0xx_hal_rcc.o
 .debug_abbrev  0x00001bac      0x278 ./Drivers/STM32F0xx_HAL_Driver/Src/stm32f0xx_hal_tim.o
 .debug_abbrev  0x00001e24      0x283 ./Drivers/STM32F0xx_HAL_Driver/Src/stm32f0xx_hal_tim_ex.o
 .debug_abbrev  0x000020a7      0x2cd ./Drivers/STM32F0xx_HAL_Driver/Src/stm32f0xx_hal_uart.o
 .debug_abbrev  0x00002374      0x2a9 ./Drivers/STM32F0xx_HAL_Driver/Src/stm32f0xx_hal_uart_ex.o

.debug_aranges  0x00000000      0xe68
 .debug_aranges
                0x00000000       0x38 ./Core/Src/FEB_CAN.o
 .debug_aranges
                0x00000038       0x28 ./Core/Src/FEB_CAN_BMS.o
 .debug_aranges
                0x00000060       0x50 ./Core/Src/FEB_Fan.o
 .debug_aranges
                0x000000b0       0x28 ./Core/Src/FEB_main.o
 .debug_aranges
                0x000000d8       0x80 ./Core/Src/main.o
 .debug_aranges
                0x00000158       0x58 ./Core/Src/stm32f0xx_hal_msp.o
 .debug_aranges
                0x000001b0       0x70 ./Core/Src/stm32f0xx_it.o
 .debug_aranges
                0x00000220       0x28 ./Core/Src/system_stm32f0xx.o
 .debug_aranges
                0x00000248       0x28 ./Core/Startup/startup_stm32f042k6tx.o
 .debug_aranges
                0x00000270       0xd0 ./Drivers/STM32F0xx_HAL_Driver/Src/stm32f0xx_hal.o
 .debug_aranges
                0x00000340      0x138 ./Drivers/STM32F0xx_HAL_Driver/Src/stm32f0xx_hal_can.o
 .debug_aranges
                0x00000478       0xc0 ./Drivers/STM32F0xx_HAL_Driver/Src/stm32f0xx_hal_cortex.o
 .debug_aranges
                0x00000538       0x88 ./Drivers/STM32F0xx_HAL_Driver/Src/stm32f0xx_hal_dma.o
 .debug_aranges
                0x000005c0       0x58 ./Drivers/STM32F0xx_HAL_Driver/Src/stm32f0xx_hal_gpio.o
 .debug_aranges
                0x00000618       0x80 ./Drivers/STM32F0xx_HAL_Driver/Src/stm32f0xx_hal_rcc.o
 .debug_aranges
                0x00000698      0x3d0 ./Drivers/STM32F0xx_HAL_Driver/Src/stm32f0xx_hal_tim.o
 .debug_aranges
                0x00000a68      0x168 ./Drivers/STM32F0xx_HAL_Driver/Src/stm32f0xx_hal_tim_ex.o
 .debug_aranges
                0x00000bd0      0x228 ./Drivers/STM32F0xx_HAL_Driver/Src/stm32f0xx_hal_uart.o
 .debug_aranges
                0x00000df8       0x70 ./Drivers/STM32F0xx_HAL_Driver/Src/stm32f0xx_hal_uart_ex.o

.debug_rnglists
                0x00000000      0xb47
 .debug_rnglists
                0x00000000       0x26 ./Core/Src/FEB_CAN.o
 .debug_rnglists
                0x00000026       0x1a ./Core/Src/FEB_CAN_BMS.o
 .debug_rnglists
                0x00000040       0x3b ./Core/Src/FEB_Fan.o
 .debug_rnglists
                0x0000007b       0x19 ./Core/Src/FEB_main.o
 .debug_rnglists
                0x00000094       0x62 ./Core/Src/main.o
 .debug_rnglists
                0x000000f6       0x42 ./Core/Src/stm32f0xx_hal_msp.o
 .debug_rnglists
                0x00000138       0x4f ./Core/Src/stm32f0xx_it.o
 .debug_rnglists
                0x00000187       0x1a ./Core/Src/system_stm32f0xx.o
 .debug_rnglists
                0x000001a1       0x1a ./Core/Startup/startup_stm32f042k6tx.o
 .debug_rnglists
                0x000001bb       0x97 ./Drivers/STM32F0xx_HAL_Driver/Src/stm32f0xx_hal.o
 .debug_rnglists
                0x00000252       0xee ./Drivers/STM32F0xx_HAL_Driver/Src/stm32f0xx_hal_can.o
 .debug_rnglists
                0x00000340       0x8c ./Drivers/STM32F0xx_HAL_Driver/Src/stm32f0xx_hal_cortex.o
 .debug_rnglists
                0x000003cc       0x6a ./Drivers/STM32F0xx_HAL_Driver/Src/stm32f0xx_hal_dma.o
 .debug_rnglists
                0x00000436       0x3f ./Drivers/STM32F0xx_HAL_Driver/Src/stm32f0xx_hal_gpio.o
 .debug_rnglists
                0x00000475       0x61 ./Drivers/STM32F0xx_HAL_Driver/Src/stm32f0xx_hal_rcc.o
 .debug_rnglists
                0x000004d6      0x31c ./Drivers/STM32F0xx_HAL_Driver/Src/stm32f0xx_hal_tim.o
 .debug_rnglists
                0x000007f2      0x126 ./Drivers/STM32F0xx_HAL_Driver/Src/stm32f0xx_hal_tim_ex.o
 .debug_rnglists
                0x00000918      0x1db ./Drivers/STM32F0xx_HAL_Driver/Src/stm32f0xx_hal_uart.o
 .debug_rnglists
                0x00000af3       0x54 ./Drivers/STM32F0xx_HAL_Driver/Src/stm32f0xx_hal_uart_ex.o

.debug_macro    0x00000000    0x18cad
 .debug_macro   0x00000000      0x33b ./Core/Src/FEB_CAN.o
 .debug_macro   0x0000033b      0x139 ./Core/Src/FEB_CAN.o
 .debug_macro   0x00000474       0x2e ./Core/Src/FEB_CAN.o
 .debug_macro   0x000004a2       0x22 ./Core/Src/FEB_CAN.o
 .debug_macro   0x000004c4       0x1c ./Core/Src/FEB_CAN.o
 .debug_macro   0x000004e0       0x22 ./Core/Src/FEB_CAN.o
 .debug_macro   0x00000502       0xaf ./Core/Src/FEB_CAN.o
 .debug_macro   0x000005b1      0x391 ./Core/Src/FEB_CAN.o
 .debug_macro   0x00000942     0xf209 ./Core/Src/FEB_CAN.o
 .debug_macro   0x0000fb4b       0x66 ./Core/Src/FEB_CAN.o
 .debug_macro   0x0000fbb1     0x34be ./Core/Src/FEB_CAN.o
 .debug_macro   0x0001306f       0x4f ./Core/Src/FEB_CAN.o
 .debug_macro   0x000130be      0x946 ./Core/Src/FEB_CAN.o
 .debug_macro   0x00013a04      0x46b ./Core/Src/FEB_CAN.o
 .debug_macro   0x00013e6f      0x1ae ./Core/Src/FEB_CAN.o
 .debug_macro   0x0001401d      0x130 ./Core/Src/FEB_CAN.o
 .debug_macro   0x0001414d      0x199 ./Core/Src/FEB_CAN.o
 .debug_macro   0x000142e6      0x1ed ./Core/Src/FEB_CAN.o
 .debug_macro   0x000144d3       0x34 ./Core/Src/FEB_CAN.o
 .debug_macro   0x00014507       0x43 ./Core/Src/FEB_CAN.o
 .debug_macro   0x0001454a       0x28 ./Core/Src/FEB_CAN.o
 .debug_macro   0x00014572      0x408 ./Core/Src/FEB_CAN.o
 .debug_macro   0x0001497a       0xb0 ./Core/Src/FEB_CAN.o
 .debug_macro   0x00014a2a      0x182 ./Core/Src/FEB_CAN.o
 .debug_macro   0x00014bac      0x22c ./Core/Src/FEB_CAN.o
 .debug_macro   0x00014dd8       0x61 ./Core/Src/FEB_CAN.o
 .debug_macro   0x00014e39       0xa5 ./Core/Src/FEB_CAN.o
 .debug_macro   0x00014ede       0x4c ./Core/Src/FEB_CAN.o
 .debug_macro   0x00014f2a      0x15b ./Core/Src/FEB_CAN.o
 .debug_macro   0x00015085      0x8f4 ./Core/Src/FEB_CAN.o
 .debug_macro   0x00015979       0x28 ./Core/Src/FEB_CAN.o
 .debug_macro   0x000159a1      0x5ba ./Core/Src/FEB_CAN.o
 .debug_macro   0x00015f5b       0x44 ./Core/Src/FEB_CAN.o
 .debug_macro   0x00015f9f      0x12e ./Core/Src/FEB_CAN.o
 .debug_macro   0x000160cd      0x19b ./Core/Src/FEB_CAN.o
 .debug_macro   0x00016268       0x4c ./Core/Src/FEB_CAN.o
 .debug_macro   0x000162b4       0x1c ./Core/Src/FEB_CAN.o
 .debug_macro   0x000162d0       0x10 ./Core/Src/FEB_CAN.o
 .debug_macro   0x000162e0       0x1c ./Core/Src/FEB_CAN.o
 .debug_macro   0x000162fc       0x16 ./Core/Src/FEB_CAN.o
 .debug_macro   0x00016312      0x146 ./Core/Src/FEB_CAN.o
 .debug_macro   0x00016458       0x40 ./Core/Src/FEB_CAN.o
 .debug_macro   0x00016498      0x2ac ./Core/Src/FEB_CAN_BMS.o
 .debug_macro   0x00016744       0x8e ./Core/Src/FEB_CAN_BMS.o
 .debug_macro   0x000167d2       0x51 ./Core/Src/FEB_CAN_BMS.o
 .debug_macro   0x00016823       0x55 ./Core/Src/FEB_CAN_BMS.o
 .debug_macro   0x00016878       0x61 ./Core/Src/FEB_CAN_BMS.o
 .debug_macro   0x000168d9      0x28f ./Core/Src/FEB_Fan.o
 .debug_macro   0x00016b68      0x33b ./Core/Src/FEB_main.o
 .debug_macro   0x00016ea3       0x16 ./Core/Src/FEB_main.o
 .debug_macro   0x00016eb9      0x341 ./Core/Src/main.o
 .debug_macro   0x000171fa      0x341 ./Core/Src/stm32f0xx_hal_msp.o
 .debug_macro   0x0001753b      0x34b ./Core/Src/stm32f0xx_it.o
 .debug_macro   0x00017886      0x1cc ./Core/Src/system_stm32f0xx.o
 .debug_macro   0x00017a52      0x1f0 ./Drivers/STM32F0xx_HAL_Driver/Src/stm32f0xx_hal.o
 .debug_macro   0x00017c42      0x1d4 ./Drivers/STM32F0xx_HAL_Driver/Src/stm32f0xx_hal_can.o
 .debug_macro   0x00017e16      0x1cc ./Drivers/STM32F0xx_HAL_Driver/Src/stm32f0xx_hal_cortex.o
 .debug_macro   0x00017fe2      0x1cc ./Drivers/STM32F0xx_HAL_Driver/Src/stm32f0xx_hal_dma.o
 .debug_macro   0x000181ae      0x1d3 ./Drivers/STM32F0xx_HAL_Driver/Src/stm32f0xx_hal_gpio.o
 .debug_macro   0x00018381      0x1de ./Drivers/STM32F0xx_HAL_Driver/Src/stm32f0xx_hal_rcc.o
 .debug_macro   0x0001855f      0x1cd ./Drivers/STM32F0xx_HAL_Driver/Src/stm32f0xx_hal_tim.o
 .debug_macro   0x0001872c      0x1cc ./Drivers/STM32F0xx_HAL_Driver/Src/stm32f0xx_hal_tim_ex.o
 .debug_macro   0x000188f8      0x1e9 ./Drivers/STM32F0xx_HAL_Driver/Src/stm32f0xx_hal_uart.o
 .debug_macro   0x00018ae1      0x1cc ./Drivers/STM32F0xx_HAL_Driver/Src/stm32f0xx_hal_uart_ex.o

.debug_line     0x00000000    0x12385
 .debug_line    0x00000000      0x9ab ./Core/Src/FEB_CAN.o
 .debug_line    0x000009ab      0x8d5 ./Core/Src/FEB_CAN_BMS.o
 .debug_line    0x00001280      0xa7c ./Core/Src/FEB_Fan.o
 .debug_line    0x00001cfc      0x922 ./Core/Src/FEB_main.o
 .debug_line    0x0000261e      0xd4b ./Core/Src/main.o
 .debug_line    0x00003369      0xb3f ./Core/Src/stm32f0xx_hal_msp.o
 .debug_line    0x00003ea8      0xa03 ./Core/Src/stm32f0xx_it.o
 .debug_line    0x000048ab      0x796 ./Core/Src/system_stm32f0xx.o
 .debug_line    0x00005041       0x8d ./Core/Startup/startup_stm32f042k6tx.o
 .debug_line    0x000050ce      0x98d ./Drivers/STM32F0xx_HAL_Driver/Src/stm32f0xx_hal.o
 .debug_line    0x00005a5b     0x119d ./Drivers/STM32F0xx_HAL_Driver/Src/stm32f0xx_hal_can.o
 .debug_line    0x00006bf8      0xa35 ./Drivers/STM32F0xx_HAL_Driver/Src/stm32f0xx_hal_cortex.o
 .debug_line    0x0000762d      0xc91 ./Drivers/STM32F0xx_HAL_Driver/Src/stm32f0xx_hal_dma.o
 .debug_line    0x000082be      0xadf ./Drivers/STM32F0xx_HAL_Driver/Src/stm32f0xx_hal_gpio.o
 .debug_line    0x00008d9d      0xed2 ./Drivers/STM32F0xx_HAL_Driver/Src/stm32f0xx_hal_rcc.o
 .debug_line    0x00009c6f     0x3671 ./Drivers/STM32F0xx_HAL_Driver/Src/stm32f0xx_hal_tim.o
 .debug_line    0x0000d2e0     0x1873 ./Drivers/STM32F0xx_HAL_Driver/Src/stm32f0xx_hal_tim_ex.o
 .debug_line    0x0000eb53     0x2cd9 ./Drivers/STM32F0xx_HAL_Driver/Src/stm32f0xx_hal_uart.o
 .debug_line    0x0001182c      0xb59 ./Drivers/STM32F0xx_HAL_Driver/Src/stm32f0xx_hal_uart_ex.o

.debug_str      0x00000000    0x9b8ca
 .debug_str     0x00000000    0x9b8ca ./Core/Src/FEB_CAN.o
                              0x97fcf (size before relaxing)
 .debug_str     0x0009b8ca    0x977cc ./Core/Src/FEB_CAN_BMS.o
 .debug_str     0x0009b8ca    0x90c5b ./Core/Src/FEB_Fan.o
 .debug_str     0x0009b8ca    0x97b3e ./Core/Src/FEB_main.o
 .debug_str     0x0009b8ca    0x98a80 ./Core/Src/main.o
 .debug_str     0x0009b8ca    0x987f0 ./Core/Src/stm32f0xx_hal_msp.o
 .debug_str     0x0009b8ca    0x98341 ./Core/Src/stm32f0xx_it.o
 .debug_str     0x0009b8ca    0x8cb2b ./Core/Src/system_stm32f0xx.o
 .debug_str     0x0009b8ca       0x7b ./Core/Startup/startup_stm32f042k6tx.o
 .debug_str     0x0009b8ca    0x8d0dd ./Drivers/STM32F0xx_HAL_Driver/Src/stm32f0xx_hal.o
 .debug_str     0x0009b8ca    0x8d2fc ./Drivers/STM32F0xx_HAL_Driver/Src/stm32f0xx_hal_can.o
 .debug_str     0x0009b8ca    0x8cece ./Drivers/STM32F0xx_HAL_Driver/Src/stm32f0xx_hal_cortex.o
 .debug_str     0x0009b8ca    0x8ced1 ./Drivers/STM32F0xx_HAL_Driver/Src/stm32f0xx_hal_dma.o
 .debug_str     0x0009b8ca    0x8cccc ./Drivers/STM32F0xx_HAL_Driver/Src/stm32f0xx_hal_gpio.o
 .debug_str     0x0009b8ca    0x8cf72 ./Drivers/STM32F0xx_HAL_Driver/Src/stm32f0xx_hal_rcc.o
 .debug_str     0x0009b8ca    0x8df31 ./Drivers/STM32F0xx_HAL_Driver/Src/stm32f0xx_hal_tim.o
 .debug_str     0x0009b8ca    0x8d74d ./Drivers/STM32F0xx_HAL_Driver/Src/stm32f0xx_hal_tim_ex.o
 .debug_str     0x0009b8ca    0x8d88f ./Drivers/STM32F0xx_HAL_Driver/Src/stm32f0xx_hal_uart.o
 .debug_str     0x0009b8ca    0x8d1c0 ./Drivers/STM32F0xx_HAL_Driver/Src/stm32f0xx_hal_uart_ex.o

.comment        0x00000000       0x43
 .comment       0x00000000       0x43 ./Core/Src/FEB_CAN.o
                                 0x44 (size before relaxing)
 .comment       0x00000043       0x44 ./Core/Src/FEB_CAN_BMS.o
 .comment       0x00000043       0x44 ./Core/Src/FEB_Fan.o
 .comment       0x00000043       0x44 ./Core/Src/FEB_main.o
 .comment       0x00000043       0x44 ./Core/Src/main.o
 .comment       0x00000043       0x44 ./Core/Src/stm32f0xx_hal_msp.o
 .comment       0x00000043       0x44 ./Core/Src/stm32f0xx_it.o
 .comment       0x00000043       0x44 ./Core/Src/system_stm32f0xx.o
 .comment       0x00000043       0x44 ./Drivers/STM32F0xx_HAL_Driver/Src/stm32f0xx_hal.o
 .comment       0x00000043       0x44 ./Drivers/STM32F0xx_HAL_Driver/Src/stm32f0xx_hal_can.o
 .comment       0x00000043       0x44 ./Drivers/STM32F0xx_HAL_Driver/Src/stm32f0xx_hal_cortex.o
 .comment       0x00000043       0x44 ./Drivers/STM32F0xx_HAL_Driver/Src/stm32f0xx_hal_dma.o
 .comment       0x00000043       0x44 ./Drivers/STM32F0xx_HAL_Driver/Src/stm32f0xx_hal_gpio.o
 .comment       0x00000043       0x44 ./Drivers/STM32F0xx_HAL_Driver/Src/stm32f0xx_hal_rcc.o
 .comment       0x00000043       0x44 ./Drivers/STM32F0xx_HAL_Driver/Src/stm32f0xx_hal_tim.o
 .comment       0x00000043       0x44 ./Drivers/STM32F0xx_HAL_Driver/Src/stm32f0xx_hal_tim_ex.o
 .comment       0x00000043       0x44 ./Drivers/STM32F0xx_HAL_Driver/Src/stm32f0xx_hal_uart.o
 .comment       0x00000043       0x44 ./Drivers/STM32F0xx_HAL_Driver/Src/stm32f0xx_hal_uart_ex.o

.debug_frame    0x00000000     0x3494
 .debug_frame   0x00000000       0x8c ./Core/Src/FEB_CAN.o
 .debug_frame   0x0000008c       0x50 ./Core/Src/FEB_CAN_BMS.o
 .debug_frame   0x000000dc       0xec ./Core/Src/FEB_Fan.o
 .debug_frame   0x000001c8       0x48 ./Core/Src/FEB_main.o
 .debug_frame   0x00000210      0x1a0 ./Core/Src/main.o
 .debug_frame   0x000003b0      0x110 ./Core/Src/stm32f0xx_hal_msp.o
 .debug_frame   0x000004c0      0x144 ./Core/Src/stm32f0xx_it.o
 .debug_frame   0x00000604       0x4c ./Core/Src/system_stm32f0xx.o
 .debug_frame   0x00000650      0x2a4 ./Drivers/STM32F0xx_HAL_Driver/Src/stm32f0xx_hal.o
 .debug_frame   0x000008f4      0x490 ./Drivers/STM32F0xx_HAL_Driver/Src/stm32f0xx_hal_can.o
 .debug_frame   0x00000d84      0x2a0 ./Drivers/STM32F0xx_HAL_Driver/Src/stm32f0xx_hal_cortex.o
 .debug_frame   0x00001024      0x1d0 ./Drivers/STM32F0xx_HAL_Driver/Src/stm32f0xx_hal_dma.o
 .debug_frame   0x000011f4      0x110 ./Drivers/STM32F0xx_HAL_Driver/Src/stm32f0xx_hal_gpio.o
 .debug_frame   0x00001304      0x198 ./Drivers/STM32F0xx_HAL_Driver/Src/stm32f0xx_hal_rcc.o
 .debug_frame   0x0000149c      0xf00 ./Drivers/STM32F0xx_HAL_Driver/Src/stm32f0xx_hal_tim.o
 .debug_frame   0x0000239c      0x560 ./Drivers/STM32F0xx_HAL_Driver/Src/stm32f0xx_hal_tim_ex.o
 .debug_frame   0x000028fc      0x850 ./Drivers/STM32F0xx_HAL_Driver/Src/stm32f0xx_hal_uart.o
 .debug_frame   0x0000314c      0x178 ./Drivers/STM32F0xx_HAL_Driver/Src/stm32f0xx_hal_uart_ex.o
 .debug_frame   0x000032c4       0x20 /Applications/STM32CubeIDE.app/Contents/Eclipse/plugins/com.st.stm32cube.ide.mcu.externaltools.gnu-tools-for-stm32.13.3.rel1.macos64_1.0.0.202411102158/tools/bin/../lib/gcc/arm-none-eabi/13.3.1/../../../../arm-none-eabi/lib/thumb/v6-m/nofp/libc_nano.a(libc_a-memset.o)
 .debug_frame   0x000032e4       0x2c /Applications/STM32CubeIDE.app/Contents/Eclipse/plugins/com.st.stm32cube.ide.mcu.externaltools.gnu-tools-for-stm32.13.3.rel1.macos64_1.0.0.202411102158/tools/bin/../lib/gcc/arm-none-eabi/13.3.1/../../../../arm-none-eabi/lib/thumb/v6-m/nofp/libc_nano.a(libc_a-init.o)
 .debug_frame   0x00003310       0x20 /Applications/STM32CubeIDE.app/Contents/Eclipse/plugins/com.st.stm32cube.ide.mcu.externaltools.gnu-tools-for-stm32.13.3.rel1.macos64_1.0.0.202411102158/tools/bin/../lib/gcc/arm-none-eabi/13.3.1/thumb/v6-m/nofp/libgcc.a(_udivsi3.o)
 .debug_frame   0x00003330       0x28 /Applications/STM32CubeIDE.app/Contents/Eclipse/plugins/com.st.stm32cube.ide.mcu.externaltools.gnu-tools-for-stm32.13.3.rel1.macos64_1.0.0.202411102158/tools/bin/../lib/gcc/arm-none-eabi/13.3.1/thumb/v6-m/nofp/libgcc.a(_fixunssfsi.o)
 .debug_frame   0x00003358       0x38 /Applications/STM32CubeIDE.app/Contents/Eclipse/plugins/com.st.stm32cube.ide.mcu.externaltools.gnu-tools-for-stm32.13.3.rel1.macos64_1.0.0.202411102158/tools/bin/../lib/gcc/arm-none-eabi/13.3.1/thumb/v6-m/nofp/libgcc.a(divsf3.o)
 .debug_frame   0x00003390       0x2c /Applications/STM32CubeIDE.app/Contents/Eclipse/plugins/com.st.stm32cube.ide.mcu.externaltools.gnu-tools-for-stm32.13.3.rel1.macos64_1.0.0.202411102158/tools/bin/../lib/gcc/arm-none-eabi/13.3.1/thumb/v6-m/nofp/libgcc.a(eqsf2.o)
 .debug_frame   0x000033bc       0x2c /Applications/STM32CubeIDE.app/Contents/Eclipse/plugins/com.st.stm32cube.ide.mcu.externaltools.gnu-tools-for-stm32.13.3.rel1.macos64_1.0.0.202411102158/tools/bin/../lib/gcc/arm-none-eabi/13.3.1/thumb/v6-m/nofp/libgcc.a(gesf2.o)
 .debug_frame   0x000033e8       0x2c /Applications/STM32CubeIDE.app/Contents/Eclipse/plugins/com.st.stm32cube.ide.mcu.externaltools.gnu-tools-for-stm32.13.3.rel1.macos64_1.0.0.202411102158/tools/bin/../lib/gcc/arm-none-eabi/13.3.1/thumb/v6-m/nofp/libgcc.a(lesf2.o)
 .debug_frame   0x00003414       0x38 /Applications/STM32CubeIDE.app/Contents/Eclipse/plugins/com.st.stm32cube.ide.mcu.externaltools.gnu-tools-for-stm32.13.3.rel1.macos64_1.0.0.202411102158/tools/bin/../lib/gcc/arm-none-eabi/13.3.1/thumb/v6-m/nofp/libgcc.a(subsf3.o)
 .debug_frame   0x0000344c       0x20 /Applications/STM32CubeIDE.app/Contents/Eclipse/plugins/com.st.stm32cube.ide.mcu.externaltools.gnu-tools-for-stm32.13.3.rel1.macos64_1.0.0.202411102158/tools/bin/../lib/gcc/arm-none-eabi/13.3.1/thumb/v6-m/nofp/libgcc.a(fixsfsi.o)
 .debug_frame   0x0000346c       0x28 /Applications/STM32CubeIDE.app/Contents/Eclipse/plugins/com.st.stm32cube.ide.mcu.externaltools.gnu-tools-for-stm32.13.3.rel1.macos64_1.0.0.202411102158/tools/bin/../lib/gcc/arm-none-eabi/13.3.1/thumb/v6-m/nofp/libgcc.a(floatunsisf.o)

.debug_line_str
                0x00000000       0x5f
 .debug_line_str
                0x00000000       0x5f ./Core/Startup/startup_stm32f042k6tx.o
